[     317ms] [LOG] Running frontend commit 736e42afce44f9fae25012411ff072d3daa792a8 @ https://www.figma.com/login:453
[   10817ms] [INFO] Slow network is detected. See https://www.chromestatus.com/feature/5636954674692096 for more details. Fallback font will be used while loading: https://static.figma.com/webfont/1/Figma-Standard-Text-Medium.woff2 @ https://www.figma.com/login:0
[   10818ms] [INFO] Slow network is detected. See https://www.chromestatus.com/feature/5636954674692096 for more details. Fallback font will be used while loading: https://static.figma.com/webfont/1/Figma-Standard-Text-Light.woff2 @ https://www.figma.com/login:0
[   10818ms] [INFO] Slow network is detected. See https://www.chromestatus.com/feature/5636954674692096 for more details. Fallback font will be used while loading: https://static.figma.com/webfont/1/Figma-Mono-Regular.woff2 @ https://www.figma.com/login:0
[   10819ms] [INFO] Slow network is detected. See https://www.chromestatus.com/feature/5636954674692096 for more details. Fallback font will be used while loading: https://static.figma.com/webfont/1/Figma-Standard-Text-Regular.woff2 @ https://www.figma.com/login:0
[   10819ms] [INFO] Slow network is detected. See https://www.chromestatus.com/feature/5636954674692096 for more details. Fallback font will be used while loading: https://static.figma.com/webfont/1/Whyte-Regular.woff @ https://www.figma.com/login:0
[   10820ms] [INFO] Slow network is detected. See https://www.chromestatus.com/feature/5636954674692096 for more details. Fallback font will be used while loading: https://static.figma.com/webfont/1/Whyte-Bold.woff @ https://www.figma.com/login:0
[   10821ms] [INFO] Slow network is detected. See https://www.chromestatus.com/feature/5636954674692096 for more details. Fallback font will be used while loading: https://static.figma.com/webfont/1/Figma-Standard-Text-Bold.woff2 @ https://www.figma.com/login:0
[   26234ms] [WARNING] Failed to execute 'postMessage' on 'DOMWindow': The target origin provided ('https://marketing.figma.com') does not match the recipient window's origin ('https://www.figma.com'). @ https://www.figma.com/webpack-artifacts/assets/330-7edb24d9ab538f69.min.js.br:6
[   26237ms] [WARNING] Failed to execute 'postMessage' on 'DOMWindow': The target origin provided ('https://marketing.figma.com') does not match the recipient window's origin ('https://www.figma.com'). @ https://www.figma.com/webpack-artifacts/assets/330-7edb24d9ab538f69.min.js.br:6
[   27291ms] [WARNING] Failed to execute 'postMessage' on 'DOMWindow': The target origin provided ('https://marketing.figma.com') does not match the recipient window's origin ('https://www.figma.com'). @ https://www.figma.com/webpack-artifacts/assets/330-7edb24d9ab538f69.min.js.br:6
[   27619ms] [INFO] Slow network is detected. See https://www.chromestatus.com/feature/5636954674692096 for more details. Fallback font will be used while loading: https://static.figma.com/uploads/2cca21a49f7dad1daa612d73d50357644671964a @ https://www.figma.com/login:0
[   82857ms] [LOG] Running frontend commit 736e42afce44f9fae25012411ff072d3daa792a8 @ https://www.figma.com/files/team/1615016300594170068/recents-and-sharing?fuid=1615016297017364994:517
[  180642ms] [WARNING] Statsig is not ready to log exposures, will retry in 1 seconds @ https://www.figma.com/webpack-artifacts/assets/vendor-core-83c17265f2588e9e.min.js.br:53
[  182070ms] [ERROR] Failed to load resource: net::ERR_BLOCKED_BY_CLIENT @ chrome-extension://invalid/:0
[  194560ms] [LOG] [import] git: 487f6ea70fe73a577b9612a53f4c2f00271badc2, stamp: 29AF7E4F0AE2F13A @ https://www.figma.com/webpack-artifacts/assets/vendor-core-83c17265f2588e9e.min.js.br:53
[  203649ms] [WARNING] Canvas2D: Multiple readback operations using getImageData are faster with the willReadFrequently attribute set to true. See: https://html.spec.whatwg.org/multipage/canvas.html#concept-canvas-will-read-frequently @ https://www.figma.com/webpack-artifacts/assets/6908-70612eeaa357fad0.min.js.br:1402
[  204217ms] [WARNING] Canvas2D: Multiple readback operations using getImageData are faster with the willReadFrequently attribute set to true. See: https://html.spec.whatwg.org/multipage/canvas.html#concept-canvas-will-read-frequently @ https://www.figma.com/webpack-artifacts/assets/6908-70612eeaa357fad0.min.js.br:1402
[  204230ms] [WARNING] Canvas2D: Multiple readback operations using getImageData are faster with the willReadFrequently attribute set to true. See: https://html.spec.whatwg.org/multipage/canvas.html#concept-canvas-will-read-frequently @ https://www.figma.com/webpack-artifacts/assets/6908-70612eeaa357fad0.min.js.br:1402
[  205209ms] [WARNING] Canvas2D: Multiple readback operations using getImageData are faster with the willReadFrequently attribute set to true. See: https://html.spec.whatwg.org/multipage/canvas.html#concept-canvas-will-read-frequently @ https://www.figma.com/webpack-artifacts/assets/6908-70612eeaa357fad0.min.js.br:1402
[  205252ms] [WARNING] Canvas2D: Multiple readback operations using getImageData are faster with the willReadFrequently attribute set to true. See: https://html.spec.whatwg.org/multipage/canvas.html#concept-canvas-will-read-frequently @ https://www.figma.com/webpack-artifacts/assets/6908-70612eeaa357fad0.min.js.br:1402
[  205288ms] [WARNING] Canvas2D: Multiple readback operations using getImageData are faster with the willReadFrequently attribute set to true. See: https://html.spec.whatwg.org/multipage/canvas.html#concept-canvas-will-read-frequently @ https://www.figma.com/webpack-artifacts/assets/6908-70612eeaa357fad0.min.js.br:1402
[  205312ms] [WARNING] Canvas2D: Multiple readback operations using getImageData are faster with the willReadFrequently attribute set to true. See: https://html.spec.whatwg.org/multipage/canvas.html#concept-canvas-will-read-frequently @ https://www.figma.com/webpack-artifacts/assets/6908-70612eeaa357fad0.min.js.br:1402
[  205355ms] [WARNING] Canvas2D: Multiple readback operations using getImageData are faster with the willReadFrequently attribute set to true. See: https://html.spec.whatwg.org/multipage/canvas.html#concept-canvas-will-read-frequently @ https://www.figma.com/webpack-artifacts/assets/6908-70612eeaa357fad0.min.js.br:1402
[  205399ms] [WARNING] Canvas2D: Multiple readback operations using getImageData are faster with the willReadFrequently attribute set to true. See: https://html.spec.whatwg.org/multipage/canvas.html#concept-canvas-will-read-frequently @ https://www.figma.com/webpack-artifacts/assets/6908-70612eeaa357fad0.min.js.br:1402
[  205461ms] [WARNING] Canvas2D: Multiple readback operations using getImageData are faster with the willReadFrequently attribute set to true. See: https://html.spec.whatwg.org/multipage/canvas.html#concept-canvas-will-read-frequently @ https://www.figma.com/webpack-artifacts/assets/6908-70612eeaa357fad0.min.js.br:1402
[  205499ms] [WARNING] Canvas2D: Multiple readback operations using getImageData are faster with the willReadFrequently attribute set to true. See: https://html.spec.whatwg.org/multipage/canvas.html#concept-canvas-will-read-frequently @ https://www.figma.com/webpack-artifacts/assets/6908-70612eeaa357fad0.min.js.br:1402
[  205546ms] [WARNING] Canvas2D: Multiple readback operations using getImageData are faster with the willReadFrequently attribute set to true. See: https://html.spec.whatwg.org/multipage/canvas.html#concept-canvas-will-read-frequently @ https://www.figma.com/webpack-artifacts/assets/6908-70612eeaa357fad0.min.js.br:1402
[  205618ms] [WARNING] Canvas2D: Multiple readback operations using getImageData are faster with the willReadFrequently attribute set to true. See: https://html.spec.whatwg.org/multipage/canvas.html#concept-canvas-will-read-frequently @ https://www.figma.com/webpack-artifacts/assets/6908-70612eeaa357fad0.min.js.br:1402
[  205654ms] [WARNING] Canvas2D: Multiple readback operations using getImageData are faster with the willReadFrequently attribute set to true. See: https://html.spec.whatwg.org/multipage/canvas.html#concept-canvas-will-read-frequently @ https://www.figma.com/webpack-artifacts/assets/6908-70612eeaa357fad0.min.js.br:1402
[  205701ms] [WARNING] Canvas2D: Multiple readback operations using getImageData are faster with the willReadFrequently attribute set to true. See: https://html.spec.whatwg.org/multipage/canvas.html#concept-canvas-will-read-frequently @ https://www.figma.com/webpack-artifacts/assets/6908-70612eeaa357fad0.min.js.br:1402
[  205845ms] [WARNING] Canvas2D: Multiple readback operations using getImageData are faster with the willReadFrequently attribute set to true. See: https://html.spec.whatwg.org/multipage/canvas.html#concept-canvas-will-read-frequently @ https://www.figma.com/webpack-artifacts/assets/6908-70612eeaa357fad0.min.js.br:1402
[  205880ms] [WARNING] Canvas2D: Multiple readback operations using getImageData are faster with the willReadFrequently attribute set to true. See: https://html.spec.whatwg.org/multipage/canvas.html#concept-canvas-will-read-frequently @ https://www.figma.com/webpack-artifacts/assets/6908-70612eeaa357fad0.min.js.br:1402
[  205928ms] [WARNING] Canvas2D: Multiple readback operations using getImageData are faster with the willReadFrequently attribute set to true. See: https://html.spec.whatwg.org/multipage/canvas.html#concept-canvas-will-read-frequently @ https://www.figma.com/webpack-artifacts/assets/6908-70612eeaa357fad0.min.js.br:1402
[  206187ms] [WARNING] Canvas2D: Multiple readback operations using getImageData are faster with the willReadFrequently attribute set to true. See: https://html.spec.whatwg.org/multipage/canvas.html#concept-canvas-will-read-frequently @ https://www.figma.com/webpack-artifacts/assets/6908-70612eeaa357fad0.min.js.br:1402
[  206251ms] [WARNING] Canvas2D: Multiple readback operations using getImageData are faster with the willReadFrequently attribute set to true. See: https://html.spec.whatwg.org/multipage/canvas.html#concept-canvas-will-read-frequently @ https://www.figma.com/webpack-artifacts/assets/6908-70612eeaa357fad0.min.js.br:1402
[  206297ms] [WARNING] Canvas2D: Multiple readback operations using getImageData are faster with the willReadFrequently attribute set to true. See: https://html.spec.whatwg.org/multipage/canvas.html#concept-canvas-will-read-frequently @ https://www.figma.com/webpack-artifacts/assets/6908-70612eeaa357fad0.min.js.br:1402
[  206342ms] [WARNING] Canvas2D: Multiple readback operations using getImageData are faster with the willReadFrequently attribute set to true. See: https://html.spec.whatwg.org/multipage/canvas.html#concept-canvas-will-read-frequently @ https://www.figma.com/webpack-artifacts/assets/6908-70612eeaa357fad0.min.js.br:1402
[  206384ms] [WARNING] Canvas2D: Multiple readback operations using getImageData are faster with the willReadFrequently attribute set to true. See: https://html.spec.whatwg.org/multipage/canvas.html#concept-canvas-will-read-frequently @ https://www.figma.com/webpack-artifacts/assets/6908-70612eeaa357fad0.min.js.br:1402
[  206437ms] [WARNING] Canvas2D: Multiple readback operations using getImageData are faster with the willReadFrequently attribute set to true. See: https://html.spec.whatwg.org/multipage/canvas.html#concept-canvas-will-read-frequently @ https://www.figma.com/webpack-artifacts/assets/6908-70612eeaa357fad0.min.js.br:1402
[  206530ms] [WARNING] Canvas2D: Multiple readback operations using getImageData are faster with the willReadFrequently attribute set to true. See: https://html.spec.whatwg.org/multipage/canvas.html#concept-canvas-will-read-frequently @ https://www.figma.com/webpack-artifacts/assets/6908-70612eeaa357fad0.min.js.br:1402
[  206579ms] [WARNING] Canvas2D: Multiple readback operations using getImageData are faster with the willReadFrequently attribute set to true. See: https://html.spec.whatwg.org/multipage/canvas.html#concept-canvas-will-read-frequently @ https://www.figma.com/webpack-artifacts/assets/6908-70612eeaa357fad0.min.js.br:1402
[  206617ms] [WARNING] Canvas2D: Multiple readback operations using getImageData are faster with the willReadFrequently attribute set to true. See: https://html.spec.whatwg.org/multipage/canvas.html#concept-canvas-will-read-frequently @ https://www.figma.com/webpack-artifacts/assets/6908-70612eeaa357fad0.min.js.br:1402
[  206674ms] [WARNING] Canvas2D: Multiple readback operations using getImageData are faster with the willReadFrequently attribute set to true. See: https://html.spec.whatwg.org/multipage/canvas.html#concept-canvas-will-read-frequently @ https://www.figma.com/webpack-artifacts/assets/6908-70612eeaa357fad0.min.js.br:1402
[  206712ms] [WARNING] Canvas2D: Multiple readback operations using getImageData are faster with the willReadFrequently attribute set to true. See: https://html.spec.whatwg.org/multipage/canvas.html#concept-canvas-will-read-frequently @ https://www.figma.com/webpack-artifacts/assets/6908-70612eeaa357fad0.min.js.br:1402
[  206981ms] [LOG] Loaded 70 scripts (7516699b), 4 from cache (95000b) @ https://www.figma.com/webpack-artifacts/assets/vendor-core-83c17265f2588e9e.min.js.br:53
[  235696ms] [ERROR] Failed to load resource: net::ERR_QUIC_PROTOCOL_ERROR @ https://static.figma.com/font/Inter_1:0
[  235705ms] [ERROR] Failed to load resource: net::ERR_QUIC_PROTOCOL_ERROR @ https://static.figma.com/font/RobotoMono_wght__1:0
[  235719ms] [ERROR] Failed to load resource: net::ERR_QUIC_PROTOCOL_ERROR @ https://static.figma.com/fullscreen/b914150ec6c1fb2067b4174c3ff9b920abb41f10/fullscreen-wasm/compiled_wasm.wasm.br:0
[  235721ms] [ERROR] Failed to load resource: net::ERR_QUIC_PROTOCOL_ERROR @ https://static.figma.com/font/Merriweather-Regular_3:0
[  235721ms] [ERROR] Failed to load resource: net::ERR_QUIC_PROTOCOL_ERROR @ https://static.figma.com/font/Inter_1:0
[ 1706669ms] [WARNING] Specifying 'overflow: visible' on img, video and canvas tags may cause them to produce visual content outside of the element bounds. See https://github.com/WICG/view-transitions/blob/main/debugging_overflow_on_images.md for details. @ https://www.figma.com/webpack-artifacts/assets/figma_app-11fded8b37a62f5c.min.js.br:238
[ 1716887ms] [ERROR] Failed to load resource: net::ERR_CONNECTION_CLOSED @ https://www.figma.com/api/web_logger/metrics_batched:0
[ 1716888ms] [ERROR] Failed to load resource: net::ERR_CONNECTION_CLOSED @ https://www.figma.com/api/web_logger/histogram_batched:0
[ 3717802ms] [LOG] [Livegraph] Connection closed. Code: 4001, reason: connection_lifetime @ https://www.figma.com/webpack-artifacts/assets/vendor-core-83c17265f2588e9e.min.js.br:53
[ 7408629ms] [LOG] [Livegraph] Connection closed. Code: 4001, reason: connection_lifetime @ https://www.figma.com/webpack-artifacts/assets/vendor-core-83c17265f2588e9e.min.js.br:53
[ 7416483ms] [ERROR] Failed to load resource: net::ERR_CONNECTION_CLOSED @ https://www.figma.com/api/figment-proxy/monitor:0
[11110818ms] [LOG] [Livegraph] Connection closed. Code: 4001, reason: connection_lifetime @ https://www.figma.com/webpack-artifacts/assets/vendor-core-83c17265f2588e9e.min.js.br:53
[15006683ms] [LOG] [Livegraph] Connection closed. Code: 4001, reason: connection_lifetime @ https://www.figma.com/webpack-artifacts/assets/vendor-core-83c17265f2588e9e.min.js.br:53
[16405862ms] [ERROR] Failed to load resource: net::ERR_CONNECTION_RESET @ https://www.figma.com/api/web_logger/metrics/active_session:0
[16405897ms] C: XHR for "https://www.figma.com/api/web_logger/metrics/active_session" failed with status 0
    at N (https://www.figma.com/webpack-artifacts/assets/6908-70612eeaa357fad0.min.js.br:1403:13821)
    at async N.h [as crossOriginPost] (https://www.figma.com/webpack-artifacts/assets/6908-70612eeaa357fad0.min.js.br:1403:14839)
    at async _ (https://www.figma.com/webpack-artifacts/assets/6908-70612eeaa357fad0.min.js.br:1364:81367)
[18619030ms] [LOG] [Livegraph] Connection closed. Code: 4001, reason: connection_lifetime @ https://www.figma.com/webpack-artifacts/assets/vendor-core-83c17265f2588e9e.min.js.br:53
[22309189ms] [LOG] [Livegraph] Connection closed. Code: 4001, reason: connection_lifetime @ https://www.figma.com/webpack-artifacts/assets/vendor-core-83c17265f2588e9e.min.js.br:53
[25915142ms] [LOG] [Livegraph] Connection closed. Code: 4001, reason: connection_lifetime @ https://www.figma.com/webpack-artifacts/assets/vendor-core-83c17265f2588e9e.min.js.br:53
[25938698ms] [ERROR] WebSocket connection to 'wss://www.figma.com/api/livegraph?pv=1&pr=d31052923ea36f02&pt=1775567821&ph=Smb0KC_C8Mn0EcyN-fXKYpqE8A091MxmS18-nuVjW9s&userId=1615016297017364994&anonUserId=&clientType=web&commitHash=736e42afce44f9fae25012411ff072d3daa792a8&requestedProtocolVersion=1&clientUrl=https%3A%2F%2Fwww.figma.com%2Ffiles%2Fteam%2F1615016300594170068%2Frecents-and-sharing%3Ffuid%3D1615016297017364994&connectionType=reconnect&reconnect=1' failed:  @ https://www.figma.com/webpack-artifacts/assets/9978-6f6584150bb330bb.min.js.br:63
[25938702ms] [LOG] [Livegraph] Connection closed. Code: 1006, reason:  @ https://www.figma.com/webpack-artifacts/assets/vendor-core-83c17265f2588e9e.min.js.br:53
[25940444ms] [ERROR] Failed to load resource: net::ERR_CONNECTION_RESET @ https://www.figma.com/api/web_logger/metrics_batched:0
[25948947ms] [ERROR] WebSocket connection to 'wss://www.figma.com/api/livegraph?pv=1&pr=d31052923ea36f02&pt=1775567821&ph=Smb0KC_C8Mn0EcyN-fXKYpqE8A091MxmS18-nuVjW9s&userId=1615016297017364994&anonUserId=&clientType=web&commitHash=736e42afce44f9fae25012411ff072d3daa792a8&requestedProtocolVersion=1&clientUrl=https%3A%2F%2Fwww.figma.com%2Ffiles%2Fteam%2F1615016300594170068%2Frecents-and-sharing%3Ffuid%3D1615016297017364994&connectionType=reconnect&reconnect=2' failed:  @ https://www.figma.com/webpack-artifacts/assets/9978-6f6584150bb330bb.min.js.br:63
[25948948ms] [LOG] [Livegraph] Connection closed. Code: 1006, reason:  @ https://www.figma.com/webpack-artifacts/assets/vendor-core-83c17265f2588e9e.min.js.br:53
[25951079ms] [ERROR] Failed to load resource: net::ERR_CONNECTION_RESET @ https://www.figma.com/api/web_logger/metrics_batched:0
[25959292ms] [ERROR] WebSocket connection to 'wss://www.figma.com/api/livegraph?pv=1&pr=d31052923ea36f02&pt=1775567821&ph=Smb0KC_C8Mn0EcyN-fXKYpqE8A091MxmS18-nuVjW9s&userId=1615016297017364994&anonUserId=&clientType=web&commitHash=736e42afce44f9fae25012411ff072d3daa792a8&requestedProtocolVersion=1&clientUrl=https%3A%2F%2Fwww.figma.com%2Ffiles%2Fteam%2F1615016300594170068%2Frecents-and-sharing%3Ffuid%3D1615016297017364994&connectionType=reconnect&reconnect=3' failed:  @ https://www.figma.com/webpack-artifacts/assets/9978-6f6584150bb330bb.min.js.br:63
[25959293ms] [LOG] [Livegraph] Connection closed. Code: 1006, reason:  @ https://www.figma.com/webpack-artifacts/assets/vendor-core-83c17265f2588e9e.min.js.br:53
[25966721ms] [ERROR] Failed to load resource: net::ERR_CONNECTION_RESET @ https://www.figma.com/api/web_logger/metrics_batched:0
[25974824ms] [ERROR] Failed to load resource: net::ERR_CONNECTION_RESET @ https://s3-figma-force-client-reloads-production.figma.com/periodic_refresh.json:0
[28396297ms] [LOG] [Livegraph] Connection closed. Code: 1006, reason:  @ https://www.figma.com/webpack-artifacts/assets/vendor-core-83c17265f2588e9e.min.js.br:53
[32189397ms] [LOG] [Livegraph] Connection closed. Code: 4001, reason: connection_lifetime @ https://www.figma.com/webpack-artifacts/assets/vendor-core-83c17265f2588e9e.min.js.br:53
[33193185ms] [ERROR] Failed to load resource: net::ERR_CONNECTION_RESET @ https://www.figma.com/api/web_logger/metrics/active_session:0
[33193205ms] C: XHR for "https://www.figma.com/api/web_logger/metrics/active_session" failed with status 0
    at N (https://www.figma.com/webpack-artifacts/assets/6908-70612eeaa357fad0.min.js.br:1403:13821)
    at async N.h [as crossOriginPost] (https://www.figma.com/webpack-artifacts/assets/6908-70612eeaa357fad0.min.js.br:1403:14839)
    at async _ (https://www.figma.com/webpack-artifacts/assets/6908-70612eeaa357fad0.min.js.br:1364:81367)
[35889523ms] [LOG] [Livegraph] Connection closed. Code: 4001, reason: connection_lifetime @ https://www.figma.com/webpack-artifacts/assets/vendor-core-83c17265f2588e9e.min.js.br:53
[39626794ms] [LOG] [Livegraph] Connection closed. Code: 4001, reason: connection_lifetime @ https://www.figma.com/webpack-artifacts/assets/vendor-core-83c17265f2588e9e.min.js.br:53
[41885519ms] [LOG] Running frontend commit 736e42afce44f9fae25012411ff072d3daa792a8 @ https://www.figma.com/files/team/1615016300594170068/recents-and-sharing?fuid=1615016297017364994:517
[41958751ms] [WARNING] Statsig is not ready to log exposures, will retry in 1 seconds @ https://www.figma.com/webpack-artifacts/assets/vendor-core-83c17265f2588e9e.min.js.br:53
[41959739ms] [ERROR] Failed to load resource: net::ERR_BLOCKED_BY_CLIENT @ chrome-extension://invalid/:0
[41963849ms] [WARNING] Specifying 'overflow: visible' on img, video and canvas tags may cause them to produce visual content outside of the element bounds. See https://github.com/WICG/view-transitions/blob/main/debugging_overflow_on_images.md for details. @ https://www.figma.com/webpack-artifacts/assets/6908-70612eeaa357fad0.min.js.br:1402
[41975779ms] [LOG] [import] git: 487f6ea70fe73a577b9612a53f4c2f00271badc2, stamp: 29AF7E4F0AE2F13A @ https://www.figma.com/webpack-artifacts/assets/vendor-core-83c17265f2588e9e.min.js.br:53
[41980077ms] [WARNING] Canvas2D: Multiple readback operations using getImageData are faster with the willReadFrequently attribute set to true. See: https://html.spec.whatwg.org/multipage/canvas.html#concept-canvas-will-read-frequently @ https://www.figma.com/webpack-artifacts/assets/6908-70612eeaa357fad0.min.js.br:1402
[41980132ms] [WARNING] Canvas2D: Multiple readback operations using getImageData are faster with the willReadFrequently attribute set to true. See: https://html.spec.whatwg.org/multipage/canvas.html#concept-canvas-will-read-frequently @ https://www.figma.com/webpack-artifacts/assets/6908-70612eeaa357fad0.min.js.br:1402
[41980163ms] [WARNING] Canvas2D: Multiple readback operations using getImageData are faster with the willReadFrequently attribute set to true. See: https://html.spec.whatwg.org/multipage/canvas.html#concept-canvas-will-read-frequently @ https://www.figma.com/webpack-artifacts/assets/6908-70612eeaa357fad0.min.js.br:1402
[41980466ms] [WARNING] Canvas2D: Multiple readback operations using getImageData are faster with the willReadFrequently attribute set to true. See: https://html.spec.whatwg.org/multipage/canvas.html#concept-canvas-will-read-frequently @ https://www.figma.com/webpack-artifacts/assets/6908-70612eeaa357fad0.min.js.br:1402
[41980494ms] [WARNING] Canvas2D: Multiple readback operations using getImageData are faster with the willReadFrequently attribute set to true. See: https://html.spec.whatwg.org/multipage/canvas.html#concept-canvas-will-read-frequently @ https://www.figma.com/webpack-artifacts/assets/6908-70612eeaa357fad0.min.js.br:1402
[41980540ms] [WARNING] Canvas2D: Multiple readback operations using getImageData are faster with the willReadFrequently attribute set to true. See: https://html.spec.whatwg.org/multipage/canvas.html#concept-canvas-will-read-frequently @ https://www.figma.com/webpack-artifacts/assets/6908-70612eeaa357fad0.min.js.br:1402
[41980565ms] [WARNING] Canvas2D: Multiple readback operations using getImageData are faster with the willReadFrequently attribute set to true. See: https://html.spec.whatwg.org/multipage/canvas.html#concept-canvas-will-read-frequently @ https://www.figma.com/webpack-artifacts/assets/6908-70612eeaa357fad0.min.js.br:1402
[41980588ms] [WARNING] Canvas2D: Multiple readback operations using getImageData are faster with the willReadFrequently attribute set to true. See: https://html.spec.whatwg.org/multipage/canvas.html#concept-canvas-will-read-frequently @ https://www.figma.com/webpack-artifacts/assets/6908-70612eeaa357fad0.min.js.br:1402
[41980897ms] [WARNING] Canvas2D: Multiple readback operations using getImageData are faster with the willReadFrequently attribute set to true. See: https://html.spec.whatwg.org/multipage/canvas.html#concept-canvas-will-read-frequently @ https://www.figma.com/webpack-artifacts/assets/6908-70612eeaa357fad0.min.js.br:1402
[41980930ms] [WARNING] Canvas2D: Multiple readback operations using getImageData are faster with the willReadFrequently attribute set to true. See: https://html.spec.whatwg.org/multipage/canvas.html#concept-canvas-will-read-frequently @ https://www.figma.com/webpack-artifacts/assets/6908-70612eeaa357fad0.min.js.br:1402
[41980960ms] [WARNING] Canvas2D: Multiple readback operations using getImageData are faster with the willReadFrequently attribute set to true. See: https://html.spec.whatwg.org/multipage/canvas.html#concept-canvas-will-read-frequently @ https://www.figma.com/webpack-artifacts/assets/6908-70612eeaa357fad0.min.js.br:1402
[41980984ms] [WARNING] Canvas2D: Multiple readback operations using getImageData are faster with the willReadFrequently attribute set to true. See: https://html.spec.whatwg.org/multipage/canvas.html#concept-canvas-will-read-frequently @ https://www.figma.com/webpack-artifacts/assets/6908-70612eeaa357fad0.min.js.br:1402
[41981039ms] [WARNING] Canvas2D: Multiple readback operations using getImageData are faster with the willReadFrequently attribute set to true. See: https://html.spec.whatwg.org/multipage/canvas.html#concept-canvas-will-read-frequently @ https://www.figma.com/webpack-artifacts/assets/6908-70612eeaa357fad0.min.js.br:1402
[41981072ms] [WARNING] Canvas2D: Multiple readback operations using getImageData are faster with the willReadFrequently attribute set to true. See: https://html.spec.whatwg.org/multipage/canvas.html#concept-canvas-will-read-frequently @ https://www.figma.com/webpack-artifacts/assets/6908-70612eeaa357fad0.min.js.br:1402
[41981100ms] [WARNING] Canvas2D: Multiple readback operations using getImageData are faster with the willReadFrequently attribute set to true. See: https://html.spec.whatwg.org/multipage/canvas.html#concept-canvas-will-read-frequently @ https://www.figma.com/webpack-artifacts/assets/6908-70612eeaa357fad0.min.js.br:1402
[41981133ms] [WARNING] Canvas2D: Multiple readback operations using getImageData are faster with the willReadFrequently attribute set to true. See: https://html.spec.whatwg.org/multipage/canvas.html#concept-canvas-will-read-frequently @ https://www.figma.com/webpack-artifacts/assets/6908-70612eeaa357fad0.min.js.br:1402
[41981158ms] [WARNING] Canvas2D: Multiple readback operations using getImageData are faster with the willReadFrequently attribute set to true. See: https://html.spec.whatwg.org/multipage/canvas.html#concept-canvas-will-read-frequently @ https://www.figma.com/webpack-artifacts/assets/6908-70612eeaa357fad0.min.js.br:1402
[41981186ms] [WARNING] Canvas2D: Multiple readback operations using getImageData are faster with the willReadFrequently attribute set to true. See: https://html.spec.whatwg.org/multipage/canvas.html#concept-canvas-will-read-frequently @ https://www.figma.com/webpack-artifacts/assets/6908-70612eeaa357fad0.min.js.br:1402
[41981234ms] [WARNING] Canvas2D: Multiple readback operations using getImageData are faster with the willReadFrequently attribute set to true. See: https://html.spec.whatwg.org/multipage/canvas.html#concept-canvas-will-read-frequently @ https://www.figma.com/webpack-artifacts/assets/6908-70612eeaa357fad0.min.js.br:1402
[41981267ms] [WARNING] Canvas2D: Multiple readback operations using getImageData are faster with the willReadFrequently attribute set to true. See: https://html.spec.whatwg.org/multipage/canvas.html#concept-canvas-will-read-frequently @ https://www.figma.com/webpack-artifacts/assets/6908-70612eeaa357fad0.min.js.br:1402
[41981290ms] [WARNING] Canvas2D: Multiple readback operations using getImageData are faster with the willReadFrequently attribute set to true. See: https://html.spec.whatwg.org/multipage/canvas.html#concept-canvas-will-read-frequently @ https://www.figma.com/webpack-artifacts/assets/6908-70612eeaa357fad0.min.js.br:1402
[41981323ms] [WARNING] Canvas2D: Multiple readback operations using getImageData are faster with the willReadFrequently attribute set to true. See: https://html.spec.whatwg.org/multipage/canvas.html#concept-canvas-will-read-frequently @ https://www.figma.com/webpack-artifacts/assets/6908-70612eeaa357fad0.min.js.br:1402
[41981516ms] [WARNING] Canvas2D: Multiple readback operations using getImageData are faster with the willReadFrequently attribute set to true. See: https://html.spec.whatwg.org/multipage/canvas.html#concept-canvas-will-read-frequently @ https://www.figma.com/webpack-artifacts/assets/6908-70612eeaa357fad0.min.js.br:1402
[41981557ms] [WARNING] Canvas2D: Multiple readback operations using getImageData are faster with the willReadFrequently attribute set to true. See: https://html.spec.whatwg.org/multipage/canvas.html#concept-canvas-will-read-frequently @ https://www.figma.com/webpack-artifacts/assets/6908-70612eeaa357fad0.min.js.br:1402
[41981590ms] [WARNING] Canvas2D: Multiple readback operations using getImageData are faster with the willReadFrequently attribute set to true. See: https://html.spec.whatwg.org/multipage/canvas.html#concept-canvas-will-read-frequently @ https://www.figma.com/webpack-artifacts/assets/6908-70612eeaa357fad0.min.js.br:1402
[41981617ms] [WARNING] Canvas2D: Multiple readback operations using getImageData are faster with the willReadFrequently attribute set to true. See: https://html.spec.whatwg.org/multipage/canvas.html#concept-canvas-will-read-frequently @ https://www.figma.com/webpack-artifacts/assets/6908-70612eeaa357fad0.min.js.br:1402
[41981640ms] [WARNING] Canvas2D: Multiple readback operations using getImageData are faster with the willReadFrequently attribute set to true. See: https://html.spec.whatwg.org/multipage/canvas.html#concept-canvas-will-read-frequently @ https://www.figma.com/webpack-artifacts/assets/6908-70612eeaa357fad0.min.js.br:1402
[41981665ms] [WARNING] Canvas2D: Multiple readback operations using getImageData are faster with the willReadFrequently attribute set to true. See: https://html.spec.whatwg.org/multipage/canvas.html#concept-canvas-will-read-frequently @ https://www.figma.com/webpack-artifacts/assets/6908-70612eeaa357fad0.min.js.br:1402
[41981690ms] [LOG] Loaded 66 scripts (7421702b), 0 from cache (0b) @ https://www.figma.com/webpack-artifacts/assets/vendor-core-83c17265f2588e9e.min.js.br:53
[42459163ms] [LOG] [Livegraph] Connection closed. Code: 4001, reason: draining_start @ https://www.figma.com/webpack-artifacts/assets/vendor-core-83c17265f2588e9e.min.js.br:53
[45676280ms] [ERROR] Failed to load resource: net::ERR_CONNECTION_RESET @ https://s3-figma-force-client-reloads-production.figma.com/periodic_refresh.json:0
[46318320ms] [LOG] [Livegraph] Connection closed. Code: 4001, reason: connection_lifetime @ https://www.figma.com/webpack-artifacts/assets/vendor-core-83c17265f2588e9e.min.js.br:53
[50119278ms] [LOG] [Livegraph] Connection closed. Code: 4001, reason: connection_lifetime @ https://www.figma.com/webpack-artifacts/assets/vendor-core-83c17265f2588e9e.min.js.br:53
[53834798ms] [LOG] [Livegraph] Connection closed. Code: 4001, reason: connection_lifetime @ https://www.figma.com/webpack-artifacts/assets/vendor-core-83c17265f2588e9e.min.js.br:53
[55692830ms] [LOG] [Livegraph] Connection closed. Code: 4001, reason: draining_start @ https://www.figma.com/webpack-artifacts/assets/vendor-core-83c17265f2588e9e.min.js.br:53
[56093457ms] [LOG] [Livegraph] Connection closed. Code: 4001, reason: draining_start @ https://www.figma.com/webpack-artifacts/assets/vendor-core-83c17265f2588e9e.min.js.br:53
[59946376ms] [LOG] [Livegraph] Connection closed. Code: 4001, reason: connection_lifetime @ https://www.figma.com/webpack-artifacts/assets/vendor-core-83c17265f2588e9e.min.js.br:53
[63688518ms] [LOG] [Livegraph] Connection closed. Code: 4001, reason: connection_lifetime @ https://www.figma.com/webpack-artifacts/assets/vendor-core-83c17265f2588e9e.min.js.br:53
[65255246ms] [ERROR] Failed to load resource: net::ERR_CONNECTION_CLOSED @ https://s3-alpha.figma.com/thumbnails/2eda86c4-9862-4e44-b3a6-81bd088edc08?X-Amz-Algorithm=AWS4-HMAC-SHA256&X-Amz-Credential=AKIAQ4GOSFWCYKED6IIG%2F20260408%2Fus-west-2%2Fs3%2Faws4_request&X-Amz-Date=20260408T072406Z&X-Amz-Expires=604800&X-Amz-SignedHeaders=host&X-Amz-Signature=01247572679c8e518cab75dd3c25cd81378cf3da8cb2c927bb812b6ffe7926db:0
