[    7874ms] [ERROR] Failed to load resource: the server responded with a status of 404 () @ https://fonts.gstatic.com/s/ibmplexserif/v19/jizDREVNn1dOx-zrZ2X3pZvkTiUQ6SF-lPKgqWVL.woff2:0
[   42734ms] [INFO] 
    _____
 ___ |[]|_n__n_I_c
|___||__|###|____}
 O-O--O-O+++--O-O
****************************************
*                                      *
*           Enjoying Railway?          *
*                                      *
*         Want to ride with us?        *
*                                      *
*              Hop aboard,             *
*   the train is leaving the station!  *
*                                      *
*      https://railway.com/careers     *
*                                      *
****************************************
 @ https://railway.com/assets/main-CYn3uDX1.js:131
[   42741ms] [INFO] 
    _____
 ___ |[]|_n__n_I_c
|___||__|###|____}
 O-O--O-O+++--O-O
****************************************
*                                      *
*           Enjoying Railway?          *
*                                      *
*         Want to ride with us?        *
*                                      *
*              Hop aboard,             *
*   the train is leaving the station!  *
*                                      *
*      https://railway.com/careers     *
*                                      *
****************************************
 @ https://railway.com/assets/main-CYn3uDX1.js:169
[   44369ms] Error: Minified React error #418; visit https://reactjs.org/docs/error-decoder.html?invariant=418 for the full message or use the non-minified dev environment for full errors and additional helpful warnings.
    at Va (https://railway.com/assets/react-dom-CWIgXKDx.js:6:4758)
    at Wl (https://railway.com/assets/react-dom-CWIgXKDx.js:8:45043)
    at Pl (https://railway.com/assets/react-dom-CWIgXKDx.js:8:39294)
    at Nl (https://railway.com/assets/react-dom-CWIgXKDx.js:8:39267)
    at vl (https://railway.com/assets/react-dom-CWIgXKDx.js:8:34357)
    at te (https://railway.com/assets/react-dom-CWIgXKDx.js:1:1616)
    at MessagePort.se (https://railway.com/assets/react-dom-CWIgXKDx.js:1:1986)
[   44371ms] Error: Minified React error #418; visit https://reactjs.org/docs/error-decoder.html?invariant=418 for the full message or use the non-minified dev environment for full errors and additional helpful warnings.
    at Va (https://railway.com/assets/react-dom-CWIgXKDx.js:6:4758)
    at Wl (https://railway.com/assets/react-dom-CWIgXKDx.js:8:45043)
    at Pl (https://railway.com/assets/react-dom-CWIgXKDx.js:8:39294)
    at Nl (https://railway.com/assets/react-dom-CWIgXKDx.js:8:39267)
    at vl (https://railway.com/assets/react-dom-CWIgXKDx.js:8:34357)
    at te (https://railway.com/assets/react-dom-CWIgXKDx.js:1:1616)
    at MessagePort.se (https://railway.com/assets/react-dom-CWIgXKDx.js:1:1986)
[   44372ms] Error: Minified React error #418; visit https://reactjs.org/docs/error-decoder.html?invariant=418 for the full message or use the non-minified dev environment for full errors and additional helpful warnings.
    at Va (https://railway.com/assets/react-dom-CWIgXKDx.js:6:4758)
    at Wl (https://railway.com/assets/react-dom-CWIgXKDx.js:8:45043)
    at Pl (https://railway.com/assets/react-dom-CWIgXKDx.js:8:39294)
    at Nl (https://railway.com/assets/react-dom-CWIgXKDx.js:8:39267)
    at vl (https://railway.com/assets/react-dom-CWIgXKDx.js:8:34357)
    at te (https://railway.com/assets/react-dom-CWIgXKDx.js:1:1616)
    at MessagePort.se (https://railway.com/assets/react-dom-CWIgXKDx.js:1:1986)
[   44373ms] Error: Minified React error #418; visit https://reactjs.org/docs/error-decoder.html?invariant=418 for the full message or use the non-minified dev environment for full errors and additional helpful warnings.
    at Va (https://railway.com/assets/react-dom-CWIgXKDx.js:6:4758)
    at Wl (https://railway.com/assets/react-dom-CWIgXKDx.js:8:45043)
    at Pl (https://railway.com/assets/react-dom-CWIgXKDx.js:8:39294)
    at Nl (https://railway.com/assets/react-dom-CWIgXKDx.js:8:39267)
    at vl (https://railway.com/assets/react-dom-CWIgXKDx.js:8:34357)
    at te (https://railway.com/assets/react-dom-CWIgXKDx.js:1:1616)
    at MessagePort.se (https://railway.com/assets/react-dom-CWIgXKDx.js:1:1986)
[   44374ms] Error: Minified React error #418; visit https://reactjs.org/docs/error-decoder.html?invariant=418 for the full message or use the non-minified dev environment for full errors and additional helpful warnings.
    at Va (https://railway.com/assets/react-dom-CWIgXKDx.js:6:4758)
    at Wl (https://railway.com/assets/react-dom-CWIgXKDx.js:8:45043)
    at Pl (https://railway.com/assets/react-dom-CWIgXKDx.js:8:39294)
    at Nl (https://railway.com/assets/react-dom-CWIgXKDx.js:8:39267)
    at vl (https://railway.com/assets/react-dom-CWIgXKDx.js:8:34357)
    at te (https://railway.com/assets/react-dom-CWIgXKDx.js:1:1616)
    at MessagePort.se (https://railway.com/assets/react-dom-CWIgXKDx.js:1:1986)
[   44374ms] Error: Minified React error #423; visit https://reactjs.org/docs/error-decoder.html?invariant=423 for the full message or use the non-minified dev environment for full errors and additional helpful warnings.
    at Wl (https://railway.com/assets/react-dom-CWIgXKDx.js:8:44706)
    at Pl (https://railway.com/assets/react-dom-CWIgXKDx.js:8:39294)
    at Ml (https://railway.com/assets/react-dom-CWIgXKDx.js:8:39225)
    at jl (https://railway.com/assets/react-dom-CWIgXKDx.js:8:39085)
    at yl (https://railway.com/assets/react-dom-CWIgXKDx.js:8:35523)
    at vl (https://railway.com/assets/react-dom-CWIgXKDx.js:8:34489)
    at te (https://railway.com/assets/react-dom-CWIgXKDx.js:1:1616)
    at MessagePort.se (https://railway.com/assets/react-dom-CWIgXKDx.js:1:1986)
[   67774ms] [WARNING] The resource https://fonts.gstatic.com/s/ibmplexserif/v19/jizDREVNn1dOx-zrZ2X3pZvkTiUQ6SF-lPKgqWVL.woff2 was preloaded using link preload but not used within a few seconds from the window's load event. Please make sure it has an appropriate `as` value and it is preloaded intentionally. @ https://railway.com/:0
[   79618ms] [WARNING] The resource https://fonts.gstatic.com/s/ibmplexserif/v19/jizDREVNn1dOx-zrZ2X3pZvkTiUQ6SF-lPKgqWVL.woff2 was preloaded using link preload but not used within a few seconds from the window's load event. Please make sure it has an appropriate `as` value and it is preloaded intentionally. @ https://railway.com/:0
[  109721ms] [WARNING] The resource https://fonts.gstatic.com/s/ibmplexserif/v19/jizDREVNn1dOx-zrZ2X3pZvkTiUQ6SF-lPKgqWVL.woff2 was preloaded using link preload but not used within a few seconds from the window's load event. Please make sure it has an appropriate `as` value and it is preloaded intentionally. @ https://railway.com/:0
[  302848ms] [INFO] Slow network is detected. See https://www.chromestatus.com/feature/5636954674692096 for more details. Fallback font will be used while loading: https://fonts.gstatic.com/s/googlesans/v62/4UaRrENHsxJlGDuGo1OIlJfC6l_24rlCK1Yo_Iq2vgCI.woff2 @ https://accounts.google.com/v3/signin/identifier?opparams=%253F&dsh=S-1877146261%3A1775566749920988&client_id=1078992815106-brpsupgvhheqg35tupphbh0qk9c32nq8.apps.googleusercontent.com&code_challenge=s_tzhaeCfU3drAIvw1ypBjEyjPKYrvQ-ymNF0Ub_jcw&code_challenge_method=S256&nonce=94b06b5830e081586084d236e51a860b&o2v=2&prompt=select_account&redirect_uri=https%3A%2F%2Fgithub.com%2Fsessions%2Fsocial%2Fgoogle%2Fcallback&response_type=code&scope=openid+email+profile&service=lso&state=95e806d84dd1456ca9273a69aceb2254&flowName=GeneralOAuthFlow&continue=https%3A%2F%2Faccounts.google.com%2Fsignin%2Foauth%2Fconsent%3Fauthuser%3Dunknown%26part%3DAJi8hANo7mb8e1F-nB40eJKA5gys_FDFhMp4bHma5PRCp5HdnawB12PT2TdpE9Yd_i-_CpIAVTr7vxP7Te8qt7cT2OwEeLLMZlVEZIrVRQHfnROGjyyx63cUManTnklVpunfV83dHOVVrDfExL315ADkNLc1RmngqzEEncWGmgGMe5d5LwjsitITNUy6p4nDw8ivAsu6w7QH5x1ZbI47FEK_bsFG6QnvnJjL86Fpb4x6cKMLVO2ehCrIlogJMkZww_p0ls8rk3cibS_otalWbBlAc1dsqnc7sQBBd9LiusbatYU3o-F4tnQQ6FA938I7vq0MBg0JNZ3diQZ56VGLjl0ceUfmipz1SIPCIjoxsA4v7X1R_JAGkH9uvV_xWwJq5cUiDx-GRqUTi2NxWRuf6VLOlAkZIlMCwGWXBKaL8VdQoUGNPjlwUFLkVhI9aJ2BTRJfEIETChcYwPAC3OvmukttX9Q55CSc7Q%26flowName%3DGeneralOAuthFlow%26as%3DS-1877146261%253A1775566749920988%26client_id%3D1078992815106-brpsupgvhheqg35tupphbh0qk9c32nq8.apps.googleusercontent.com%26requestPath%3D%252Fsignin%252Foauth%252Fconsent%23&app_domain=https%3A%2F%2Fgithub.com&rart=ANgoxccFEA0WMgqC2OeJ9jg_MzUOgjqOdC7jvLd_uWJSaFbhNB2vjaa62NZMm8SAkM2Ahpa-DYbQdm9DaHROjfAT_FNvy9s5G9jT__wNwy4L0hj-tYE6erM:1
[  305407ms] [VERBOSE] [DOM] Password field is not contained in a form: (More info: https://goo.gl/9p2vKq) %o @ https://accounts.google.com/v3/signin/identifier?opparams=%253F&dsh=S-1877146261%3A1775566749920988&client_id=1078992815106-brpsupgvhheqg35tupphbh0qk9c32nq8.apps.googleusercontent.com&code_challenge=s_tzhaeCfU3drAIvw1ypBjEyjPKYrvQ-ymNF0Ub_jcw&code_challenge_method=S256&nonce=94b06b5830e081586084d236e51a860b&o2v=2&prompt=select_account&redirect_uri=https%3A%2F%2Fgithub.com%2Fsessions%2Fsocial%2Fgoogle%2Fcallback&response_type=code&scope=openid+email+profile&service=lso&state=95e806d84dd1456ca9273a69aceb2254&flowName=GeneralOAuthFlow&continue=https%3A%2F%2Faccounts.google.com%2Fsignin%2Foauth%2Fconsent%3Fauthuser%3Dunknown%26part%3DAJi8hANo7mb8e1F-nB40eJKA5gys_FDFhMp4bHma5PRCp5HdnawB12PT2TdpE9Yd_i-_CpIAVTr7vxP7Te8qt7cT2OwEeLLMZlVEZIrVRQHfnROGjyyx63cUManTnklVpunfV83dHOVVrDfExL315ADkNLc1RmngqzEEncWGmgGMe5d5LwjsitITNUy6p4nDw8ivAsu6w7QH5x1ZbI47FEK_bsFG6QnvnJjL86Fpb4x6cKMLVO2ehCrIlogJMkZww_p0ls8rk3cibS_otalWbBlAc1dsqnc7sQBBd9LiusbatYU3o-F4tnQQ6FA938I7vq0MBg0JNZ3diQZ56VGLjl0ceUfmipz1SIPCIjoxsA4v7X1R_JAGkH9uvV_xWwJq5cUiDx-GRqUTi2NxWRuf6VLOlAkZIlMCwGWXBKaL8VdQoUGNPjlwUFLkVhI9aJ2BTRJfEIETChcYwPAC3OvmukttX9Q55CSc7Q%26flowName%3DGeneralOAuthFlow%26as%3DS-1877146261%253A1775566749920988%26client_id%3D1078992815106-brpsupgvhheqg35tupphbh0qk9c32nq8.apps.googleusercontent.com%26requestPath%3D%252Fsignin%252Foauth%252Fconsent%23&app_domain=https%3A%2F%2Fgithub.com&rart=ANgoxccFEA0WMgqC2OeJ9jg_MzUOgjqOdC7jvLd_uWJSaFbhNB2vjaa62NZMm8SAkM2Ahpa-DYbQdm9DaHROjfAT_FNvy9s5G9jT__wNwy4L0hj-tYE6erM:0
[  305436ms] [LOG] %c%s color: red; background: yellow; font-size: 24px; 警告！ @ https://www.gstatic.com/_/mss/boq-identity/_/js/k=boq-identity.AccountsSignInUi.zh_CN.KqVDACLr_N8.es5.O/am=Kf4GAACiCCQD4P__Dx0ACIAgGrieBaAJRAYAAAAAAAAAACwQACCN/d=1/excm=_b,_tp,identifierview/ed=1/dg=0/wt=2/ujg=1/rs=AOaEmlEAokanJMP_gTaZyJ5eLs_JCccahw/dti=1/m=_b,_tp:467
[  305437ms] [LOG] %c%s font-size: 18px; 使用此控制台可能会导致攻击程序利用 Self-XSS 攻击冒充您并窃取您的信息。
请勿输入或粘贴您不明白的代码。 @ https://www.gstatic.com/_/mss/boq-identity/_/js/k=boq-identity.AccountsSignInUi.zh_CN.KqVDACLr_N8.es5.O/am=Kf4GAACiCCQD4P__Dx0ACIAgGrieBaAJRAYAAAAAAAAAACwQACCN/d=1/excm=_b,_tp,identifierview/ed=1/dg=0/wt=2/ujg=1/rs=AOaEmlEAokanJMP_gTaZyJ5eLs_JCccahw/dti=1/m=_b,_tp:467
[  569371ms] [INFO] Slow network is detected. See https://www.chromestatus.com/feature/5636954674692096 for more details. Fallback font will be used while loading: https://fonts.gstatic.com/s/googlesans/v62/4UaRrENHsxJlGDuGo1OIlJfC6l_24rlCK1Yo_Iq2vgCI.woff2 @ https://accounts.google.com/v3/signin/identifier?opparams=%253F&dsh=S-1877146261%3A1775566749920988&client_id=1078992815106-brpsupgvhheqg35tupphbh0qk9c32nq8.apps.googleusercontent.com&code_challenge=s_tzhaeCfU3drAIvw1ypBjEyjPKYrvQ-ymNF0Ub_jcw&code_challenge_method=S256&nonce=94b06b5830e081586084d236e51a860b&o2v=2&prompt=select_account&redirect_uri=https%3A%2F%2Fgithub.com%2Fsessions%2Fsocial%2Fgoogle%2Fcallback&response_type=code&scope=openid+email+profile&service=lso&state=95e806d84dd1456ca9273a69aceb2254&flowName=GeneralOAuthFlow&continue=https%3A%2F%2Faccounts.google.com%2Fsignin%2Foauth%2Fconsent%3Fauthuser%3Dunknown%26part%3DAJi8hANo7mb8e1F-nB40eJKA5gys_FDFhMp4bHma5PRCp5HdnawB12PT2TdpE9Yd_i-_CpIAVTr7vxP7Te8qt7cT2OwEeLLMZlVEZIrVRQHfnROGjyyx63cUManTnklVpunfV83dHOVVrDfExL315ADkNLc1RmngqzEEncWGmgGMe5d5LwjsitITNUy6p4nDw8ivAsu6w7QH5x1ZbI47FEK_bsFG6QnvnJjL86Fpb4x6cKMLVO2ehCrIlogJMkZww_p0ls8rk3cibS_otalWbBlAc1dsqnc7sQBBd9LiusbatYU3o-F4tnQQ6FA938I7vq0MBg0JNZ3diQZ56VGLjl0ceUfmipz1SIPCIjoxsA4v7X1R_JAGkH9uvV_xWwJq5cUiDx-GRqUTi2NxWRuf6VLOlAkZIlMCwGWXBKaL8VdQoUGNPjlwUFLkVhI9aJ2BTRJfEIETChcYwPAC3OvmukttX9Q55CSc7Q%26flowName%3DGeneralOAuthFlow%26as%3DS-1877146261%253A1775566749920988%26client_id%3D1078992815106-brpsupgvhheqg35tupphbh0qk9c32nq8.apps.googleusercontent.com%26requestPath%3D%252Fsignin%252Foauth%252Fconsent%23&app_domain=https%3A%2F%2Fgithub.com&rart=ANgoxccFEA0WMgqC2OeJ9jg_MzUOgjqOdC7jvLd_uWJSaFbhNB2vjaa62NZMm8SAkM2Ahpa-DYbQdm9DaHROjfAT_FNvy9s5G9jT__wNwy4L0hj-tYE6erM:1
[  571816ms] [VERBOSE] [DOM] Password field is not contained in a form: (More info: https://goo.gl/9p2vKq) %o @ https://accounts.google.com/v3/signin/identifier?opparams=%253F&dsh=S-1877146261%3A1775566749920988&client_id=1078992815106-brpsupgvhheqg35tupphbh0qk9c32nq8.apps.googleusercontent.com&code_challenge=s_tzhaeCfU3drAIvw1ypBjEyjPKYrvQ-ymNF0Ub_jcw&code_challenge_method=S256&nonce=94b06b5830e081586084d236e51a860b&o2v=2&prompt=select_account&redirect_uri=https%3A%2F%2Fgithub.com%2Fsessions%2Fsocial%2Fgoogle%2Fcallback&response_type=code&scope=openid+email+profile&service=lso&state=95e806d84dd1456ca9273a69aceb2254&flowName=GeneralOAuthFlow&continue=https%3A%2F%2Faccounts.google.com%2Fsignin%2Foauth%2Fconsent%3Fauthuser%3Dunknown%26part%3DAJi8hANo7mb8e1F-nB40eJKA5gys_FDFhMp4bHma5PRCp5HdnawB12PT2TdpE9Yd_i-_CpIAVTr7vxP7Te8qt7cT2OwEeLLMZlVEZIrVRQHfnROGjyyx63cUManTnklVpunfV83dHOVVrDfExL315ADkNLc1RmngqzEEncWGmgGMe5d5LwjsitITNUy6p4nDw8ivAsu6w7QH5x1ZbI47FEK_bsFG6QnvnJjL86Fpb4x6cKMLVO2ehCrIlogJMkZww_p0ls8rk3cibS_otalWbBlAc1dsqnc7sQBBd9LiusbatYU3o-F4tnQQ6FA938I7vq0MBg0JNZ3diQZ56VGLjl0ceUfmipz1SIPCIjoxsA4v7X1R_JAGkH9uvV_xWwJq5cUiDx-GRqUTi2NxWRuf6VLOlAkZIlMCwGWXBKaL8VdQoUGNPjlwUFLkVhI9aJ2BTRJfEIETChcYwPAC3OvmukttX9Q55CSc7Q%26flowName%3DGeneralOAuthFlow%26as%3DS-1877146261%253A1775566749920988%26client_id%3D1078992815106-brpsupgvhheqg35tupphbh0qk9c32nq8.apps.googleusercontent.com%26requestPath%3D%252Fsignin%252Foauth%252Fconsent%23&app_domain=https%3A%2F%2Fgithub.com&rart=ANgoxccFEA0WMgqC2OeJ9jg_MzUOgjqOdC7jvLd_uWJSaFbhNB2vjaa62NZMm8SAkM2Ahpa-DYbQdm9DaHROjfAT_FNvy9s5G9jT__wNwy4L0hj-tYE6erM:0
[  571836ms] [LOG] %c%s color: red; background: yellow; font-size: 24px; 警告！ @ https://www.gstatic.com/_/mss/boq-identity/_/js/k=boq-identity.AccountsSignInUi.zh_CN.KqVDACLr_N8.es5.O/am=Kf4GAACiCCQD4P__Dx0ACIAgGrieBaAJRAYAAAAAAAAAACwQACCN/d=1/excm=_b,_tp,identifierview/ed=1/dg=0/wt=2/ujg=1/rs=AOaEmlEAokanJMP_gTaZyJ5eLs_JCccahw/dti=1/m=_b,_tp:467
[  571836ms] [LOG] %c%s font-size: 18px; 使用此控制台可能会导致攻击程序利用 Self-XSS 攻击冒充您并窃取您的信息。
请勿输入或粘贴您不明白的代码。 @ https://www.gstatic.com/_/mss/boq-identity/_/js/k=boq-identity.AccountsSignInUi.zh_CN.KqVDACLr_N8.es5.O/am=Kf4GAACiCCQD4P__Dx0ACIAgGrieBaAJRAYAAAAAAAAAACwQACCN/d=1/excm=_b,_tp,identifierview/ed=1/dg=0/wt=2/ujg=1/rs=AOaEmlEAokanJMP_gTaZyJ5eLs_JCccahw/dti=1/m=_b,_tp:467
