[     527ms] [INFO] Slow network is detected. See https://www.chromestatus.com/feature/5636954674692096 for more details. Fallback font will be used while loading: https://fonts.gstatic.com/s/googlesans/v62/4UaRrENHsxJlGDuGo1OIlJfC6l_24rlCK1Yo_Iq2vgCI.woff2 @ https://accounts.google.com/v3/signin/identifier?continue=https%3A%2F%2Fmail.google.com%2Fmail%2F&dsh=S-735673614%3A1775566614835256&rip=1&sacu=1&service=mail&flowName=GlifWebSignIn&flowEntry=ServiceLogin&ifkv=AT1y2_WNZGHGJrSc3ECelgj_Sa32QGlAT5uipHEFOI-VSlUmvIOkzxM7m7P8QXW4fmOPcwaQxxlH_w:238
[    4190ms] [VERBOSE] [DOM] Password field is not contained in a form: (More info: https://goo.gl/9p2vKq) %o @ https://accounts.google.com/v3/signin/identifier?continue=https%3A%2F%2Fmail.google.com%2Fmail%2F&dsh=S-735673614%3A1775566614835256&rip=1&sacu=1&service=mail&flowName=GlifWebSignIn&flowEntry=ServiceLogin&ifkv=AT1y2_WNZGHGJrSc3ECelgj_Sa32QGlAT5uipHEFOI-VSlUmvIOkzxM7m7P8QXW4fmOPcwaQxxlH_w:0
[    4204ms] [LOG] %c%s color: red; background: yellow; font-size: 24px; 警告！ @ https://www.gstatic.com/_/mss/boq-identity/_/js/k=boq-identity.AccountsSignInUi.zh_CN.KqVDACLr_N8.es5.O/am=Kf4GAACiCCQD4P__Dx0ACIAgGrieBaAJRAYAAAAAABAAACwQACCN/d=1/excm=_b,_tp,identifierview/ed=1/dg=0/wt=2/ujg=1/rs=AOaEmlEXykohQ8sMYUj6INljGo7xgkcgRA/dti=1/m=_b,_tp:467
[    4204ms] [LOG] %c%s font-size: 18px; 使用此控制台可能会导致攻击程序利用 Self-XSS 攻击冒充您并窃取您的信息。
请勿输入或粘贴您不明白的代码。 @ https://www.gstatic.com/_/mss/boq-identity/_/js/k=boq-identity.AccountsSignInUi.zh_CN.KqVDACLr_N8.es5.O/am=Kf4GAACiCCQD4P__Dx0ACIAgGrieBaAJRAYAAAAAABAAACwQACCN/d=1/excm=_b,_tp,identifierview/ed=1/dg=0/wt=2/ujg=1/rs=AOaEmlEXykohQ8sMYUj6INljGo7xgkcgRA/dti=1/m=_b,_tp:467
[  334163ms] [ERROR] Failed to load resource: net::ERR_NAME_NOT_RESOLVED @ https://accounts.google.com/v3/signin/_/AccountsSignInUi/gen204/?tmambps=0.00017068673873952737&rtembps=-1&rttms=213.9502&ct=undefined:0
[  337510ms] [VERBOSE] [DOM] Password field is not contained in a form: (More info: https://goo.gl/9p2vKq) %o @ https://accounts.google.com/v3/signin/challenge/pwd?TL=AIgtPP13D0m_FIQ8Df51is13YO69U6P_69cLk0KxNaAcbaobGlj8Ri7HQx5vOww3&checkConnection=youtube%3A1955&checkedDomains=youtube&cid=1&continue=https%3A%2F%2Fmail.google.com%2Fmail%2F&dsh=S-735673614%3A1775566614835256&flowEntry=ServiceLogin&flowName=GlifWebSignIn&ifkv=AT1y2_WNZGHGJrSc3ECelgj_Sa32QGlAT5uipHEFOI-VSlUmvIOkzxM7m7P8QXW4fmOPcwaQxxlH_w&pstMsg=1&rip=1&service=mail:0
[  359875ms] [INFO] Slow network is detected. See https://www.chromestatus.com/feature/5636954674692096 for more details. Fallback font will be used while loading: https://fonts.gstatic.com/s/googlesans/v62/4UaRrENHsxJlGDuGo1OIlJfC6l_24rlCK1Yo_Iq2vgCI.woff2 @ https://mail.google.com/mail/u/0/:150
[  361274ms] [WARNING] Deprecated API for given entry type. @ https://mail.google.com/_/scs/mail-static/_/js/k=gmail.main.zh_CN.BnmlH4XV_iA.es5.OL/am=oBIBAAAAIPkjAPDB_3v4YQMEAPCXhz-_-sBf68Lvu2EQAAJ4iAGTQDUAeiCbrBXoefP_duNpAeC7DZ_h-fhDAgACbDu6rT48xOAqjQAAXAAAABNj4jQTAAAAAAAAAAAAAAAAAAAAIIRsZFJg/d=1/exm=b/ed=1/im=1/dg=0/br=1/wt=1/rs=AHGWq9D5eQelH5MPHKR9zJ76-My4AA4i-A/cb=loaded_1/m=a:2830
[  361840ms] [INFO] Slow network is detected. See https://www.chromestatus.com/feature/5636954674692096 for more details. Fallback font will be used while loading: https://fonts.gstatic.com/s/roboto/v48/KFO7CnqEu92Fr1ME7kSn66aGLdTylUAMa3yUBA.woff2 @ http://og/ab.js:138
[  363476ms] [ERROR] Failed to load resource: the server responded with a status of 403 () @ https://mail.google.com/mail/u/0/?ui=2&ik=815039efeb&jsver=BnmlH4XV_iA.zh_CN.L.es5&cbl=gmail.pinto-server_20260402.07_p1&rid=mail%3Ai.b51b.1.0&view=up&act=oetsha&_reqid=175778&at&nsc=1&mb=0&rt=j:0
[  370395ms] [INFO] Slow network is detected. See https://www.chromestatus.com/feature/5636954674692096 for more details. Fallback font will be used while loading: https://fonts.gstatic.com/s/roboto/v18/KFOmCnqEu92Fr1Mu4mxK.woff2 @ https://ogs.google.com/u/0/widget/app?awwd=1&gpa=3&em=2&dpi=70251319&origin=https%3A%2F%2Fmail.google.com&cn=app&pid=23&spid=23&hl=zh-CN:28
[  370397ms] [INFO] Slow network is detected. See https://www.chromestatus.com/feature/5636954674692096 for more details. Fallback font will be used while loading: https://fonts.gstatic.com/s/roboto/v18/KFOlCnqEu92Fr1MmEU9fBBc4.woff2 @ https://ogs.google.com/u/0/widget/app?awwd=1&gpa=3&em=2&dpi=70251319&origin=https%3A%2F%2Fmail.google.com&cn=app&pid=23&spid=23&hl=zh-CN:28
[  370541ms] [INFO] Slow network is detected. See https://www.chromestatus.com/feature/5636954674692096 for more details. Fallback font will be used while loading: https://fonts.gstatic.com/s/googlesans/v62/4UaRrENHsxJlGDuGo1OIlJfC6l_24rlCK1Yo_Iq2vgCI.woff2 @ https://ogs.google.com/u/0/widget/app?awwd=1&gpa=3&em=2&dpi=70251319&origin=https%3A%2F%2Fmail.google.com&cn=app&pid=23&spid=23&hl=zh-CN:30
[  395888ms] [ERROR] Failed to load resource: net::ERR_CONNECTION_RESET @ https://play.google.com/log?format=json&hasfast=true&authuser=0:0
[  398440ms] [ERROR] Failed to load resource: net::ERR_CONNECTION_RESET @ https://play.google.com/log?format=json&hasfast=true&authuser=0:0
[  505369ms] [ERROR] Failed to load resource: net::ERR_HTTP2_PING_FAILED @ https://mail.google.com/_/scs/mail-static/_/js/k=gmail.main.zh_CN.BnmlH4XV_iA.es5.OL/am=oBIBAAAAIPkjAPDB_3v4YQMEAPCXhz-_-sBf68Lvu2EQAAJ4iAGTQDUAeiCbrBXoefP_duNpAeC7DZ_h-fhDAgACbDu6rT48xOAqjQAAXAAAABNj4jQTAAAAAAAAAAAAAAAAAAAAIIRsZFJg/d=1/im=1/dg=0/br=1/wt=1/rs=AHGWq9D5eQelH5MPHKR9zJ76-My4AA4i-A/cb=loaded_0/m=b?sw=2:0
[  515425ms] [ERROR] Failed to load resource: net::ERR_CONNECTION_RESET @ https://mail.google.com/_/scs/mail-static/_/js/k=gmail.main.zh_CN.BnmlH4XV_iA.es5.OL/am=oBIBAAAAIPkjAPDB_3v4YQMEAPCXhz-_-sBf68Lvu2EQAAJ4iAGTQDUAeiCbrBXoefP_duNpAeC7DZ_h-fhDAgACbDu6rT48xOAqjQAAXAAAABNj4jQTAAAAAAAAAAAAAAAAAAAAIIRsZFJg/d=1/exm=b/ed=1/im=1/dg=0/br=1/wt=1/rs=AHGWq9D5eQelH5MPHKR9zJ76-My4AA4i-A/cb=loaded_1/m=a?sw=2:0
[  515717ms] [ERROR] Failed to load resource: net::ERR_CONNECTION_RESET @ https://mail.google.com/_/scs/mail-static/_/js/k=gmail.main.zh_CN.BnmlH4XV_iA.es5.OL/am=oBIBAAAAIPkjAPDB_3v4YQMEAPCXhz-_-sBf68Lvu2EQAAJ4iAGTQDUAeiCbrBXoefP_duNpAeC7DZ_h-fhDAgACbDu6rT48xOAqjQAAXAAAABNj4jQTAAAAAAAAAAAAAAAAAAAAIIRsZFJg/d=1/exm=APV0ud,AQzzK,ASGm7d,ATwrrf,Aihl6c,Av2a7c,B00Vac,BIgGS,BwwjLe,CTcde,CU7Xcd,CZpxHc,Cmvl0d,D6R16e,DN7jVe,DPuTOe,DUNnfe,DjaFmc,DxgUF,EVZC0d,Eaeprc,EdTKdf,FY4xZc,Ff0R9c,FgDqad,GBHoTc,GcrEAe,Gi2hff,H6G42e,H6lfpe,HLvCjc,ISAbzf,IcviEd,IiBrJf,IxdFQe,J03Die,J0c0De,JfIkXe,JkdWI,JmZ9Bb,K1OgBc,KTJ0Sb,KTZF7d,KWA9E,Kau0Hf,LGJQpb,LMZAzc,M184fc,M25vPb,MAQNkf,MBveUb,MHpzHf,MMhUM,MODppb,Mb2qyd,MigGy,MpJwZc,N35dyc,NUmjQc,NVcOs,NrTyqe,Nsx1n,Nzme9,O5EgE,OEaYAf,OIxRw,Odkg3b,P8J5Md,PKSrle,PQy06e,PZhDZb,PaBahd,PlWST,PltyDd,PtOM,Q8AZuf,RGIyZe,RI4GO,Rk9Cq,RqJ0h,S4MmR,SFCJcb,SPL0Cf,SazCdc,SeXcT,Sz7W7c,TSMMxc,Trl7bc,UDRpje,UZdBGe,V88ABc,VOAugd,VeTcob,Vfi8Gb,VgcCKb,VjR9rd,VtSflc,VxVlrc,WMHBRb,WQKEXd,WQpoze,WXDMTb,Wwwwbc,XJKRyb,XSXB1d,Xg6p3c,YR6Mlc,YWIRkb,YYmHzb,YbzfXd,Yns7ze,YyKOm,Z16oCd,ZARu9e,ZThjHe,ZUhrff,ZUkdn,ZdOxDb,ZgCoOd,Zxsddf,a2RK5b,aBj2Kc,aEgFwf,aJ3hd,aLbsjd,anc,be,bfl9hd,bhwaL,blMNCd,c91q5c,cXmWHe,che2sf,clZTqb,cm,coackf,cv,dFpypf,dIhbmc,dKGjGc,dTTbnb,djoBOd,dm1dhc,dyKFke,e,eIu7Db,ebdd,etGjR,f,f6apvd,ff81Sb,gGmCTc,gb3jre,gcVygc,gnUs6d,gtqvOc,gwO7sb,hPYe5c,iAKDrb,iEtSB,iJSbQ,iQE0ib,idosse,igbF5,it,jEuVZ,jPErQb,jVZ0pe,jWbVSe,k00cOd,k0MU2e,k4R7ab,kLffjf,kRtote,kbPIy,koYWXe,ku6Y7,kx0uyc,l,lAEZDf,lHEWxf,lWIDqf,laqh9b,leTOzf,lhJ7R,m4ISld,m4LCp,mKqege,mT549,m_i,mdFHK,mib1Lb,ml,mo,n73qwf,nXDxbd,o2ajQe,oOUfr,oTMABb,oYwLLc,oeJi0c,omIFoe,oqdNA,orrXfe,osTF1d,p59Uie,pA5mjb,pXBsYb,pauPV,pbC0Gf,pk1i4d,pmCKac,pmnVQ,ps,puPi7e,pw70Gc,qDq2wf,qDtJCf,rGPC7c,rMQdJc,rbV53d,rn4kU,s6IIOd,sDchbd,sU8HHe,sbpdff,snxITd,spit,sps,srv,t,tVSnif,tYdMAf,txWZMe,ua6dje,umMzYe,utMpr,uuoH9c,uwH8t,vGa3Ad,vXhLBe,vlb,w0FYpd,wHcxDd,wS0DLb,wvjFZd,x8nlqe,xOhcWe,xTPl6,xdV2Hc,xgwBDf,xivAT,xs3Qbf,xtTtLb,yBhFH,yWJZbc,zPd59e,zm225/ed=1/im=1/br=1/rs=AHGWq9D5eQelH5MPHKR9zJ76-My4AA4i-A/ee=AoStPd:kKbhQb;Arv56d:UdO36;BK4xnc:aLbsjd;BNeSrd:gb3jre;CMRktf:ZW5KY;DGWCxb:CgYiQ;DIYegb:JkdWI;E1tgbf:hMxPK;EAoUvb:aKikzb;EVNhjf:pw70Gc;EfKZq:QO2YB;EmZ2Bf:zr1jrb;Eznmmf:ZBQqM;FuMGS:u4Hc4b;GKUnZb:WNRENb;Giwz3d:qL9SE;GmdGTd:Ct4wsb;HYZfRb:oJy8Vd;I3DTKc:LTQfve;IXc14:VZgraf;J9XQCb:QxciMb;JDjXcd:Qd339;JFpGO:k00cOd;JLGZx:oSnDHf;JsINff:yeaFZ;JsbNhc:Xd8iUd;JyyiTe:lFKLaf;KKym4b:dTTbnb;KgXQpf:pQJdrb;LBgRLc:XVMNvd;LQJKcd:WuS5Ye;N8ehxe:AKukpf;NJ1rfe:qTnoBf;NPKaK:PVlQOd;NSEoX:lazG7b;O9G84b:VjR9rd;OOoYAb:Oj9pPe;P0WaSd:SxFs5c;PKzJzb:dnkez;PgXDBd:dm1dhc;QKCsBb:ZgCoOd;QhhnXd:ECzif;QhvHX:NQ1Nve;RRwdt:gGRuRe;SL22ab:UFESdd;TB8xhd:bbKX0d;TQJGG:ICTC1;Tv0mT:XdnUfd;UCN8Hc:lIXWlb;USPTDe:samWqd;UYtFJd:R8cwM;Up9aO:kY43Sc;V7j7Sb:stsTjb;VJwZIe:lWIDqf;XBqggf:fjv93c;XSYl9e:GNVVIb;Y6au2e:H6lfpe;YBlgBf:LMo5Id;YU9uyb:GBHoTc;Ycdno:rkQZze;YfZO5c:CVuqWd;Yol6df:KyRf4c;Z8AODd:ihbx2;ZE1Tgd:nYt7rd;ZT1aHd:g7FNPe;ZjyI3e:W2v6fc;a0qnvf:O18Eyf;aPdIxb:F52gIc;bS8oAe:p6YZJ;cEt90b:ws9Tlc;cJj1Kd:A5k23d;d91XDb:tjhtsb;dDPGef:IiQq4e;dIoSBb:SpsfSb;eBAeSb:HT8XDe;eWFXjf:WUUEg;gPlXMd:sMXqve;hLDN0:VOAugd;hgud7d:tVSnif;hqnwXb:h3KkD;iFQyKf:QIhFr;isZ6sb:oqdNA;isrdHb:g76ZJb;kAY4yb:mo91qb;kNqx7b:gzp7wb;kZQC1d:EKbasc;lrgHBd:qRNdBe;m4bwx:xvH6fd;m5fIF:nbXCtd;mGDCKb:uuoH9c;nhTMMb:Dye5ne;nlDwB:pA5mjb;oFd48c:l7VM1e;oGtAuc:sOXFj;oJejCf:u1kdYb;oVMxO:oroUaf;p0iB4:gobVgd;p1698b:uPtxCd;pb7frb:frmWbd;q8Ue1c:koYWXe;qQEoOc:KUM7Z;qSBODf:JG9uke;qddgKe:xQtZb;qgOdad:vko54d;rFz9ic:XIElh;rRTjcf:qg38Pd;rWx8Cc:DxgUF;rarsed:Mb2qyd;sgnAWd:HkSoT;ssiZFc:BhQ85d;uRueZ:HQBqKd;ug9gu:hEKg1b;utz9F:gGmCTc;wBjAMd:ONcH1e;wNp4Gc:k56rsf;wR5FRb:siKnQd;xbOSgd:e5G55;yR6u0d:oOUfr;ye9FMd:KC9GA;yeRnXd:y6n3vc;yxTchf:KUM7Z;zBvUNc:fT8Mbb;zJxI2:kxz7Nb;zeNeeb:bGQoyc;zxjSOb:VJrhKe/m=PIGtkf:0
[ 5968131ms] [ERROR] Failed to load resource: net::ERR_QUIC_PROTOCOL_ERROR.QUIC_TOO_MANY_RTOS @ https://signaler-pa.clients6.google.com/punctual/multi-watch/channel?VER=8&gsessionid=yZx42iAgQVdML6nJvy3mO9p5-t8lLKCwzCLyxhMNv-k&key=AIzaSyCIMH2ks6VPAfRC2lqU_Snz1Lo76XGdnlc&RID=rpc&SID=xD-gGD0NzQRh4ayPWgHKcA&AID=53&CI=0&TYPE=xmlhttp&zx=pef13nipqzkn&t=1:0
[ 5991852ms] [ERROR] Failed to load resource: net::ERR_NAME_NOT_RESOLVED @ https://signaler-pa.clients6.google.com/punctual/multi-watch/channel?VER=8&gsessionid=yZx42iAgQVdML6nJvy3mO9p5-t8lLKCwzCLyxhMNv-k&key=AIzaSyCIMH2ks6VPAfRC2lqU_Snz1Lo76XGdnlc&RID=rpc&SID=xD-gGD0NzQRh4ayPWgHKcA&AID=55&CI=0&TYPE=xmlhttp&zx=hn4vkmr6y7q6&t=2:0
[ 6010764ms] [ERROR] Failed to load resource: net::ERR_CONNECTION_RESET @ https://ssl.gstatic.com/ui/v1/icons/mail/images/cleardot.gif?zx=lyvqba8gcod4:0
[ 6036178ms] [ERROR] Failed to load resource: net::ERR_CONNECTION_RESET @ https://signaler-pa.clients6.google.com/punctual/multi-watch/channel?VER=8&gsessionid=yZx42iAgQVdML6nJvy3mO9p5-t8lLKCwzCLyxhMNv-k&key=AIzaSyCIMH2ks6VPAfRC2lqU_Snz1Lo76XGdnlc&RID=rpc&SID=xD-gGD0NzQRh4ayPWgHKcA&AID=55&CI=0&TYPE=xmlhttp&zx=5gjwssiphbr4&t=3:0
[ 6076177ms] [ERROR] Failed to load resource: net::ERR_CONNECTION_RESET @ https://signaler-pa.clients6.google.com/punctual/multi-watch/channel?VER=8&gsessionid=yZx42iAgQVdML6nJvy3mO9p5-t8lLKCwzCLyxhMNv-k&key=AIzaSyCIMH2ks6VPAfRC2lqU_Snz1Lo76XGdnlc&RID=rpc&SID=xD-gGD0NzQRh4ayPWgHKcA&AID=55&CI=0&TYPE=xmlhttp&zx=kh1c5cn2v70x&t=4:0
[ 9697549ms] [ERROR] Failed to load resource: net::ERR_QUIC_PROTOCOL_ERROR.QUIC_TOO_MANY_RTOS @ https://signaler-pa.clients6.google.com/punctual/multi-watch/channel?VER=8&gsessionid=Xjt_I1ntX7IZflyYSpkf_pEztWLOP-l-f-LaHuFRpIs&key=AIzaSyCIMH2ks6VPAfRC2lqU_Snz1Lo76XGdnlc&RID=rpc&SID=baU5WBJisqXnmTfqt9o8kQ&AID=0&CI=0&TYPE=xmlhttp&zx=n6jubbt086nz&t=1:0
[ 9726071ms] [ERROR] Failed to load resource: net::ERR_CONNECTION_RESET @ https://play.google.com/log?format=json&hasfast=true&authuser=0:0
[ 9726371ms] [ERROR] Failed to load resource: net::ERR_CONNECTION_RESET @ https://play.google.com/log?hasfast=true&auth=SAPISIDHASH+09ea954ddcc9c8e59e1a3cc2a90d52a627b46696+SAPISID1PHASH+09ea954ddcc9c8e59e1a3cc2a90d52a627b46696+SAPISID3PHASH+09ea954ddcc9c8e59e1a3cc2a90d52a627b46696&authuser=0&format=json:0
[ 9781238ms] [ERROR] Failed to load resource: net::ERR_CONNECTION_RESET @ https://play.google.com/log?format=json&hasfast=true&authuser=0:0
[11516379ms] [ERROR] Failed to load resource: net::ERR_QUIC_PROTOCOL_ERROR.QUIC_TOO_MANY_RTOS @ https://signaler-pa.clients6.google.com/punctual/multi-watch/channel?VER=8&gsessionid=h-dxM85_CZ5WyqAXRdHztkJzzv2Eo0D_yq9JW2s-ls4&key=AIzaSyCIMH2ks6VPAfRC2lqU_Snz1Lo76XGdnlc&RID=rpc&SID=kMjpuoaYB2onbaFM-xsf3Q&AID=40&CI=0&TYPE=xmlhttp&zx=l9zz2i4xb3qm&t=1:0
[13422681ms] [ERROR] Failed to load resource: net::ERR_CONNECTION_RESET @ https://ssl.gstatic.com/ui/v1/icons/mail/images/cleardot.gif?zx=q9hexe4bic5:0
[13423380ms] [ERROR] Failed to load resource: net::ERR_CONNECTION_RESET @ https://ssl.gstatic.com/ui/v1/icons/mail/images/cleardot.gif?zx=be3h0ox9tf5z:0
[13426093ms] [ERROR] Failed to load resource: net::ERR_QUIC_PROTOCOL_ERROR.QUIC_TOO_MANY_RTOS @ https://signaler-pa.clients6.google.com/punctual/multi-watch/channel?VER=8&gsessionid=y60IyvTWhLItwL2MfwdM9tI8ZvgveZaWSFjgBH9HWKA&key=AIzaSyCIMH2ks6VPAfRC2lqU_Snz1Lo76XGdnlc&RID=rpc&SID=Db_bEi1VyvejqoKX12LNlg&AID=27&CI=0&TYPE=xmlhttp&zx=qti8xuq2kss8&t=1:0
[13434792ms] [ERROR] Failed to load resource: net::ERR_CONNECTION_RESET @ https://ssl.gstatic.com/ui/v1/icons/mail/images/cleardot.gif?zx=bpmcyw9zubq0:0
[13439069ms] [ERROR] Failed to load resource: net::ERR_CONNECTION_RESET @ https://ssl.gstatic.com/ui/v1/icons/mail/images/cleardot.gif?zx=fnn57g8vmk1c:0
[13449081ms] [ERROR] Failed to load resource: net::ERR_CONNECTION_RESET @ https://ssl.gstatic.com/ui/v1/icons/mail/images/cleardot.gif?zx=ijvh86rgj4lv:0
[13455416ms] [ERROR] Failed to load resource: net::ERR_NAME_NOT_RESOLVED @ https://signaler-pa.clients6.google.com/punctual/multi-watch/channel?VER=8&gsessionid=y60IyvTWhLItwL2MfwdM9tI8ZvgveZaWSFjgBH9HWKA&key=AIzaSyCIMH2ks6VPAfRC2lqU_Snz1Lo76XGdnlc&RID=rpc&SID=Db_bEi1VyvejqoKX12LNlg&AID=32&CI=0&TYPE=xmlhttp&zx=jh36231qcz58&t=2:0
[13459073ms] [ERROR] Failed to load resource: net::ERR_CONNECTION_RESET @ https://ssl.gstatic.com/ui/v1/icons/mail/images/cleardot.gif?zx=oa0vn0fx3s9a:0
[13469084ms] [ERROR] Failed to load resource: net::ERR_CONNECTION_RESET @ https://ssl.gstatic.com/ui/v1/icons/mail/images/cleardot.gif?zx=3ke79axworur:0
[13482497ms] [ERROR] Failed to load resource: net::ERR_CONNECTION_RESET @ https://ssl.gstatic.com/ui/v1/icons/mail/images/cleardot.gif?zx=so2edtjna5nu:0
[13489432ms] [ERROR] Failed to load resource: net::ERR_CONNECTION_RESET @ https://ssl.gstatic.com/ui/v1/icons/mail/images/cleardot.gif?zx=vy99x3ce8166:0
[13495318ms] [ERROR] Failed to load resource: net::ERR_NAME_NOT_RESOLVED @ https://signaler-pa.clients6.google.com/punctual/multi-watch/channel?VER=8&gsessionid=y60IyvTWhLItwL2MfwdM9tI8ZvgveZaWSFjgBH9HWKA&key=AIzaSyCIMH2ks6VPAfRC2lqU_Snz1Lo76XGdnlc&RID=rpc&SID=Db_bEi1VyvejqoKX12LNlg&AID=32&CI=0&TYPE=xmlhttp&zx=dtz8tkkf0e6q&t=3:0
[13496725ms] [ERROR] Failed to load resource: net::ERR_CONNECTION_RESET @ https://play.google.com/log?format=json&hasfast=true&authuser=0:0
[13497006ms] [ERROR] Failed to load resource: net::ERR_NAME_NOT_RESOLVED @ https://mail.google.com/sync/u/0/i/bv?hl=zh-CN&c=44&rt=r&pt=ji:0
[17574813ms] [ERROR] Failed to load resource: net::ERR_CONNECTION_RESET @ https://play.google.com/log?format=json&hasfast=true&authuser=0:0
[17575066ms] [ERROR] Failed to load resource: net::ERR_QUIC_PROTOCOL_ERROR.QUIC_TOO_MANY_RTOS @ https://signaler-pa.clients6.google.com/punctual/multi-watch/channel?VER=8&gsessionid=tOeThmqr-gDa5N8UENv_lzlotJUecE3gqWI01TxNTgY&key=AIzaSyCIMH2ks6VPAfRC2lqU_Snz1Lo76XGdnlc&RID=rpc&SID=8u_N5YhJIaJUUQ4jE3p6mg&AID=0&CI=0&TYPE=xmlhttp&zx=wv62fhqdiyeg&t=1:0
[17589222ms] [ERROR] Failed to load resource: net::ERR_NAME_NOT_RESOLVED @ https://ssl.gstatic.com/ui/v1/icons/mail/images/cleardot.gif?zx=peh98m9zfaln:0
[17603892ms] [ERROR] Failed to load resource: net::ERR_NAME_NOT_RESOLVED @ https://ssl.gstatic.com/ui/v1/icons/mail/images/cleardot.gif?zx=vd2wx7ycrz2a:0
[17604416ms] [ERROR] Failed to load resource: net::ERR_NAME_NOT_RESOLVED @ https://signaler-pa.clients6.google.com/punctual/multi-watch/channel?VER=8&gsessionid=tOeThmqr-gDa5N8UENv_lzlotJUecE3gqWI01TxNTgY&key=AIzaSyCIMH2ks6VPAfRC2lqU_Snz1Lo76XGdnlc&RID=rpc&SID=8u_N5YhJIaJUUQ4jE3p6mg&AID=10&CI=0&TYPE=xmlhttp&zx=2x3xcjgv4pm8&t=2:0
[17618553ms] [ERROR] Failed to load resource: net::ERR_NAME_NOT_RESOLVED @ https://ssl.gstatic.com/ui/v1/icons/mail/images/cleardot.gif?zx=l08f2kiqlsa8:0
[17618554ms] [ERROR] Failed to load resource: net::ERR_NAME_NOT_RESOLVED @ https://ssl.gstatic.com/ui/v1/icons/mail/images/cleardot.gif?zx=gmxi61qeifrj:0
[18972588ms] [ERROR] Failed to load resource: net::ERR_QUIC_PROTOCOL_ERROR.QUIC_TOO_MANY_RTOS @ https://signaler-pa.clients6.google.com/punctual/multi-watch/channel?VER=8&gsessionid=8UAvE31vs-LS_RujGqVHTTICDMND0rIlBXTJAbNm010&key=AIzaSyCIMH2ks6VPAfRC2lqU_Snz1Lo76XGdnlc&RID=rpc&SID=umotkMizt2ynJE1B3uu6uA&AID=14&CI=0&TYPE=xmlhttp&zx=nhhjec2tm7u5&t=1:0
[21246368ms] [ERROR] Failed to load resource: net::ERR_QUIC_PROTOCOL_ERROR.QUIC_TOO_MANY_RTOS @ https://signaler-pa.clients6.google.com/punctual/multi-watch/channel?VER=8&gsessionid=t9ltn98nhLdLLvpCwYVr-HY3-Uc79_azT5Z51Wzct_w&key=AIzaSyCIMH2ks6VPAfRC2lqU_Snz1Lo76XGdnlc&RID=rpc&SID=QQxhbGMXnzGi2AHM-0oiTw&AID=14&CI=0&TYPE=xmlhttp&zx=9v5bfq378lme&t=1:0
[21275687ms] [ERROR] Failed to load resource: net::ERR_NAME_NOT_RESOLVED @ https://signaler-pa.clients6.google.com/punctual/multi-watch/channel?VER=8&gsessionid=t9ltn98nhLdLLvpCwYVr-HY3-Uc79_azT5Z51Wzct_w&key=AIzaSyCIMH2ks6VPAfRC2lqU_Snz1Lo76XGdnlc&RID=rpc&SID=QQxhbGMXnzGi2AHM-0oiTw&AID=21&CI=0&TYPE=xmlhttp&zx=krdsn79ha4n9&t=2:0
[24989035ms] [ERROR] Failed to load resource: net::ERR_CONNECTION_CLOSED @ https://play.google.com/log?format=json&hasfast=true&authuser=0:0
[26058074ms] [ERROR] Failed to load resource: net::ERR_QUIC_PROTOCOL_ERROR.QUIC_TOO_MANY_RTOS @ https://signaler-pa.clients6.google.com/punctual/multi-watch/channel?VER=8&gsessionid=d5CsBLmYZR4G1l0WmJ379fdaB7bLQMTIRO9rnT4o9Lw&key=AIzaSyCIMH2ks6VPAfRC2lqU_Snz1Lo76XGdnlc&RID=rpc&SID=AuKmEMe_15cLCkBAmmqNFA&AID=27&CI=0&TYPE=xmlhttp&zx=h6hxmh5g6rpd&t=1:0
[26087422ms] [ERROR] Failed to load resource: net::ERR_NAME_NOT_RESOLVED @ https://signaler-pa.clients6.google.com/punctual/multi-watch/channel?VER=8&gsessionid=d5CsBLmYZR4G1l0WmJ379fdaB7bLQMTIRO9rnT4o9Lw&key=AIzaSyCIMH2ks6VPAfRC2lqU_Snz1Lo76XGdnlc&RID=rpc&SID=AuKmEMe_15cLCkBAmmqNFA&AID=34&CI=0&TYPE=xmlhttp&zx=y3ckl4vc1fe6&t=2:0
[26144462ms] [ERROR] Failed to load resource: net::ERR_QUIC_PROTOCOL_ERROR.QUIC_NETWORK_IDLE_TIMEOUT @ https://signaler-pa.clients6.google.com/punctual/multi-watch/channel?VER=8&gsessionid=d5CsBLmYZR4G1l0WmJ379fdaB7bLQMTIRO9rnT4o9Lw&key=AIzaSyCIMH2ks6VPAfRC2lqU_Snz1Lo76XGdnlc&RID=rpc&SID=AuKmEMe_15cLCkBAmmqNFA&AID=34&CI=0&TYPE=xmlhttp&zx=8xi3uwtssi6j&t=3:0
[26373323ms] [ERROR] Failed to load resource: net::ERR_QUIC_PROTOCOL_ERROR.QUIC_TOO_MANY_RTOS @ https://signaler-pa.clients6.google.com/punctual/multi-watch/channel?VER=8&gsessionid=d5CsBLmYZR4G1l0WmJ379fdaB7bLQMTIRO9rnT4o9Lw&key=AIzaSyCIMH2ks6VPAfRC2lqU_Snz1Lo76XGdnlc&RID=rpc&SID=AuKmEMe_15cLCkBAmmqNFA&AID=38&CI=0&TYPE=xmlhttp&zx=5xt1gl4wrf0e&t=4:0
[26409254ms] [ERROR] Failed to load resource: net::ERR_CONNECTION_RESET @ https://signaler-pa.clients6.google.com/punctual/multi-watch/channel?VER=8&gsessionid=d5CsBLmYZR4G1l0WmJ379fdaB7bLQMTIRO9rnT4o9Lw&key=AIzaSyCIMH2ks6VPAfRC2lqU_Snz1Lo76XGdnlc&RID=rpc&SID=AuKmEMe_15cLCkBAmmqNFA&AID=51&CI=0&TYPE=xmlhttp&zx=42sunawxsy6g&t=5:0
[26426712ms] [ERROR] Failed to load resource: net::ERR_CONNECTION_RESET @ https://signaler-pa.clients6.google.com/punctual/multi-watch/channel?VER=8&gsessionid=d5CsBLmYZR4G1l0WmJ379fdaB7bLQMTIRO9rnT4o9Lw&key=AIzaSyCIMH2ks6VPAfRC2lqU_Snz1Lo76XGdnlc&RID=rpc&SID=AuKmEMe_15cLCkBAmmqNFA&AID=51&CI=0&TYPE=xmlhttp&zx=6b9w75sshj74&t=6:0
[26449220ms] [ERROR] Failed to load resource: net::ERR_CONNECTION_RESET @ https://signaler-pa.clients6.google.com/punctual/multi-watch/channel?VER=8&gsessionid=d5CsBLmYZR4G1l0WmJ379fdaB7bLQMTIRO9rnT4o9Lw&key=AIzaSyCIMH2ks6VPAfRC2lqU_Snz1Lo76XGdnlc&RID=rpc&SID=AuKmEMe_15cLCkBAmmqNFA&AID=51&CI=0&TYPE=xmlhttp&zx=72tgur9t4qn3&t=7:0
[26462638ms] [ERROR] Failed to load resource: net::ERR_CONNECTION_RESET @ https://signaler-pa.clients6.google.com/punctual/v1/chooseServer?key=AIzaSyCIMH2ks6VPAfRC2lqU_Snz1Lo76XGdnlc:0
[26471608ms] [ERROR] Failed to load resource: net::ERR_NAME_NOT_RESOLVED @ https://ssl.gstatic.com/ui/v1/icons/mail/images/cleardot.gif?zx=yvti6ytcwkzb:0
[26473180ms] [ERROR] Failed to load resource: net::ERR_CONNECTION_RESET @ https://signaler-pa.clients6.google.com/punctual/v1/chooseServer?key=AIzaSyCIMH2ks6VPAfRC2lqU_Snz1Lo76XGdnlc:0
[26477901ms] [ERROR] Failed to load resource: net::ERR_CONNECTION_RESET @ https://www.google.com/images/cleardot.gif?zx=mqg0wufadd0h:0
[26486278ms] [ERROR] Failed to load resource: net::ERR_NAME_NOT_RESOLVED @ https://ssl.gstatic.com/ui/v1/icons/mail/images/cleardot.gif?zx=dcw5h2rpc4yb:0
[27113374ms] [ERROR] Failed to load resource: net::ERR_CONNECTION_RESET @ https://play.google.com/log?format=json&hasfast=true&authuser=0:0
[27114060ms] [ERROR] Failed to load resource: net::ERR_CONNECTION_RESET @ https://play.google.com/log?hasfast=true&auth=SAPISIDHASH+09ea954ddcc9c8e59e1a3cc2a90d52a627b46696+SAPISID1PHASH+09ea954ddcc9c8e59e1a3cc2a90d52a627b46696+SAPISID3PHASH+09ea954ddcc9c8e59e1a3cc2a90d52a627b46696&authuser=0&format=json:0
[27118046ms] [ERROR] Failed to load resource: net::ERR_NAME_NOT_RESOLVED @ https://waa-pa.clients6.google.com/$rpc/google.internal.waa.v1.Waa/Ping:0
[27148374ms] [ERROR] Failed to load resource: net::ERR_NAME_NOT_RESOLVED @ https://waa-pa.googleapis.com/$rpc/google.internal.waa.v1.Waa/Ping:0
[34361877ms] [ERROR] Failed to load resource: net::ERR_QUIC_PROTOCOL_ERROR.QUIC_TOO_MANY_RTOS @ https://signaler-pa.clients6.google.com/punctual/multi-watch/channel?VER=8&gsessionid=ktAE1AP4F5tcBQXCLCBS7Zt8xs2vf3CxLlAWIRqqbWc&key=AIzaSyCIMH2ks6VPAfRC2lqU_Snz1Lo76XGdnlc&RID=rpc&SID=kBeB01uv9Dpy33XjH6ZpLg&AID=0&CI=0&TYPE=xmlhttp&zx=893cw6h78jfh&t=1:0
[34390371ms] [ERROR] Failed to load resource: net::ERR_CONNECTION_RESET @ https://play.google.com/log?format=json&hasfast=true&authuser=0:0
[34430990ms] [ERROR] Failed to load resource: net::ERR_CONNECTION_RESET @ https://signaler-pa.clients6.google.com/punctual/multi-watch/channel?VER=8&gsessionid=ktAE1AP4F5tcBQXCLCBS7Zt8xs2vf3CxLlAWIRqqbWc&key=AIzaSyCIMH2ks6VPAfRC2lqU_Snz1Lo76XGdnlc&RID=rpc&SID=kBeB01uv9Dpy33XjH6ZpLg&AID=2&CI=0&TYPE=xmlhttp&zx=56p6ti1ca2kn&t=3:0
[41234173ms] [ERROR] Failed to load resource: net::ERR_SOCKET_NOT_CONNECTED @ https://mail.google.com/sync/u/0/i/bv?hl=zh-CN&c=90&rt=r&pt=ji:0
[41670876ms] [ERROR] Failed to load resource: net::ERR_CONNECTION_RESET @ https://ssl.gstatic.com/ui/v1/icons/mail/images/cleardot.gif?zx=dyz0sgw4rzfe:0
[41684436ms] [ERROR] Failed to load resource: net::ERR_QUIC_PROTOCOL_ERROR.QUIC_TOO_MANY_RTOS @ https://signaler-pa.clients6.google.com/punctual/multi-watch/channel?VER=8&gsessionid=Ls6aKx-elh93Lg9Z-cBj0g-5ao_mYPQ2pGErKLe_fIQ&key=AIzaSyCIMH2ks6VPAfRC2lqU_Snz1Lo76XGdnlc&RID=rpc&SID=umCPKqq1ulIfHLAGeYvg-A&AID=14&CI=0&TYPE=xmlhttp&zx=iotboqfh0hg7&t=1:0
[42456542ms] [ERROR] Failed to load resource: net::ERR_CONNECTION_CLOSED @ https://play.google.com/log?format=json&hasfast=true&authuser=0:0
[43782913ms] [ERROR] Failed to load resource: net::ERR_QUIC_PROTOCOL_ERROR.QUIC_TOO_MANY_RTOS @ https://signaler-pa.clients6.google.com/punctual/multi-watch/channel?VER=8&gsessionid=JvDmbq5gnUTikQNsPoaXQipeKvFn5zVrMixPh2Rb-cA&key=AIzaSyCIMH2ks6VPAfRC2lqU_Snz1Lo76XGdnlc&RID=rpc&SID=kxauTw1DRwemZNl3Npr_jg&AID=14&CI=0&TYPE=xmlhttp&zx=vyg658hpourq&t=1:0
[43812850ms] [ERROR] Failed to load resource: net::ERR_CONNECTION_RESET @ https://signaler-pa.clients6.google.com/punctual/multi-watch/channel?VER=8&gsessionid=JvDmbq5gnUTikQNsPoaXQipeKvFn5zVrMixPh2Rb-cA&key=AIzaSyCIMH2ks6VPAfRC2lqU_Snz1Lo76XGdnlc&RID=rpc&SID=kxauTw1DRwemZNl3Npr_jg&AID=16&CI=0&TYPE=xmlhttp&zx=ie5z1z822gxc&t=2:0
[43821867ms] [ERROR] Failed to load resource: net::ERR_CONNECTION_RESET @ https://ssl.gstatic.com/ui/v1/icons/mail/images/cleardot.gif?zx=4wvuiv6sphzj:0
[43827163ms] [ERROR] Failed to load resource: net::ERR_CONNECTION_RESET @ https://ssl.gstatic.com/ui/v1/icons/mail/images/cleardot.gif?zx=89su2xctpq8z:0
[43833725ms] [ERROR] Failed to load resource: net::ERR_CONNECTION_RESET @ https://signaler-pa.clients6.google.com/punctual/multi-watch/channel?VER=8&gsessionid=JvDmbq5gnUTikQNsPoaXQipeKvFn5zVrMixPh2Rb-cA&key=AIzaSyCIMH2ks6VPAfRC2lqU_Snz1Lo76XGdnlc&RID=rpc&SID=kxauTw1DRwemZNl3Npr_jg&AID=16&CI=0&TYPE=xmlhttp&zx=nqxfoix1fqyj&t=3:0
[43836877ms] [ERROR] Failed to load resource: net::ERR_CONNECTION_RESET @ https://ssl.gstatic.com/ui/v1/icons/mail/images/cleardot.gif?zx=dkzru7keeupw:0
[43846891ms] [ERROR] Failed to load resource: net::ERR_CONNECTION_RESET @ https://ssl.gstatic.com/ui/v1/icons/mail/images/cleardot.gif?zx=2coiwrb3v4ed:0
[43856892ms] [ERROR] Failed to load resource: net::ERR_CONNECTION_RESET @ https://ssl.gstatic.com/ui/v1/icons/mail/images/cleardot.gif?zx=jrphwawceieo:0
[43876120ms] [ERROR] Failed to load resource: net::ERR_CONNECTION_RESET @ https://play.google.com/log?format=json&hasfast=true&authuser=0:0
[43878413ms] [ERROR] Failed to load resource: net::ERR_CONNECTION_RESET @ https://signaler-pa.clients6.google.com/punctual/multi-watch/channel?VER=8&gsessionid=JvDmbq5gnUTikQNsPoaXQipeKvFn5zVrMixPh2Rb-cA&key=AIzaSyCIMH2ks6VPAfRC2lqU_Snz1Lo76XGdnlc&RID=rpc&SID=kxauTw1DRwemZNl3Npr_jg&AID=16&CI=0&TYPE=xmlhttp&zx=24yfv1z2guy&t=4:0
[43897341ms] [ERROR] Failed to load resource: net::ERR_CONNECTION_RESET @ https://signaler-pa.clients6.google.com/punctual/v1/chooseServer?key=AIzaSyCIMH2ks6VPAfRC2lqU_Snz1Lo76XGdnlc:0
[43899866ms] [ERROR] Failed to load resource: net::ERR_CONNECTION_RESET @ https://play.google.com/log?format=json&hasfast=true&authuser=0:0
[43900186ms] [ERROR] Failed to load resource: net::ERR_CONNECTION_RESET @ https://play.google.com/log?hasfast=true&auth=SAPISIDHASH+09ea954ddcc9c8e59e1a3cc2a90d52a627b46696+SAPISID1PHASH+09ea954ddcc9c8e59e1a3cc2a90d52a627b46696+SAPISID3PHASH+09ea954ddcc9c8e59e1a3cc2a90d52a627b46696&authuser=0&format=json:0
[43907860ms] [ERROR] Failed to load resource: net::ERR_CONNECTION_RESET @ https://signaler-pa.clients6.google.com/punctual/v1/chooseServer?key=AIzaSyCIMH2ks6VPAfRC2lqU_Snz1Lo76XGdnlc:0
[43917079ms] [ERROR] Failed to load resource: net::ERR_CONNECTION_RESET @ https://www.google.com/images/cleardot.gif?zx=f9urwnkwj9o4:0
[43918721ms] [ERROR] Failed to load resource: net::ERR_CONNECTION_RESET @ https://signaler-pa.clients6.google.com/punctual/v1/chooseServer?key=AIzaSyCIMH2ks6VPAfRC2lqU_Snz1Lo76XGdnlc:0
[43919118ms] [ERROR] Failed to load resource: net::ERR_NAME_NOT_RESOLVED @ https://waa-pa.clients6.google.com/$rpc/google.internal.waa.v1.Waa/Ping:0
[46845641ms] [ERROR] Failed to load resource: net::ERR_QUIC_PROTOCOL_ERROR.QUIC_NETWORK_IDLE_TIMEOUT @ https://signaler-pa.clients6.google.com/punctual/multi-watch/channel?VER=8&gsessionid=ana2WdhkQlTrjOXVxY7ntRRu5O3a7m4E4AAUyxwfYR4&key=AIzaSyCIMH2ks6VPAfRC2lqU_Snz1Lo76XGdnlc&RID=rpc&SID=SqK1Q2PoBUz7AwNkeR_mEw&AID=27&CI=0&TYPE=xmlhttp&zx=pi8rqtf9d8yv&t=1:0
[46864532ms] [ERROR] Failed to load resource: net::ERR_CONNECTION_RESET @ https://signaler-pa.clients6.google.com/punctual/multi-watch/channel?VER=8&gsessionid=ana2WdhkQlTrjOXVxY7ntRRu5O3a7m4E4AAUyxwfYR4&key=AIzaSyCIMH2ks6VPAfRC2lqU_Snz1Lo76XGdnlc&RID=rpc&SID=SqK1Q2PoBUz7AwNkeR_mEw&AID=36&CI=0&TYPE=xmlhttp&zx=fv0g46fmlmz9&t=2:0
[46893774ms] [ERROR] Failed to load resource: net::ERR_CONNECTION_RESET @ https://signaler-pa.clients6.google.com/punctual/multi-watch/channel?VER=8&gsessionid=ana2WdhkQlTrjOXVxY7ntRRu5O3a7m4E4AAUyxwfYR4&key=AIzaSyCIMH2ks6VPAfRC2lqU_Snz1Lo76XGdnlc&RID=rpc&SID=SqK1Q2PoBUz7AwNkeR_mEw&AID=36&CI=0&TYPE=xmlhttp&zx=apaukbr0jrsg&t=3:0
[46893925ms] [ERROR] Failed to load resource: net::ERR_NAME_NOT_RESOLVED @ https://mail.google.com/sync/u/0/i/s?hl=zh-CN&c=105&rt=r&pt=ji:0
[46928307ms] [ERROR] Failed to load resource: net::ERR_CONNECTION_RESET @ https://play.google.com/log?format=json&hasfast=true&authuser=0:0
[46928618ms] [ERROR] Failed to load resource: net::ERR_CONNECTION_RESET @ https://play.google.com/log?format=json&hasfast=true&authuser=0:0
[46937494ms] [ERROR] Failed to load resource: net::ERR_CONNECTION_RESET @ https://play.google.com/log?format=json&hasfast=true&authuser=0:0
[46939968ms] [ERROR] Failed to load resource: net::ERR_CONNECTION_RESET @ https://play.google.com/log?hasfast=true&auth=SAPISIDHASH+09ea954ddcc9c8e59e1a3cc2a90d52a627b46696+SAPISID1PHASH+09ea954ddcc9c8e59e1a3cc2a90d52a627b46696+SAPISID3PHASH+09ea954ddcc9c8e59e1a3cc2a90d52a627b46696&authuser=0&format=json:0
[53207169ms] [ERROR] Failed to load resource: net::ERR_QUIC_PROTOCOL_ERROR.QUIC_TOO_MANY_RTOS @ https://signaler-pa.clients6.google.com/punctual/multi-watch/channel?VER=8&gsessionid=phryh02FKP47D5oF9q45p0yr4MtRMS_ykndNJjKr01I&key=AIzaSyCIMH2ks6VPAfRC2lqU_Snz1Lo76XGdnlc&RID=rpc&SID=KMkdt8mW2CoEbN-CdF61uA&AID=53&CI=0&TYPE=xmlhttp&zx=oqimf3lu0bsl&t=1:0
[53229079ms] [ERROR] Failed to load resource: net::ERR_CONNECTION_RESET @ https://play.google.com/log?format=json&hasfast=true&authuser=0:0
[53229387ms] [ERROR] Failed to load resource: net::ERR_CONNECTION_RESET @ https://play.google.com/log?hasfast=true&auth=SAPISIDHASH+09ea954ddcc9c8e59e1a3cc2a90d52a627b46696+SAPISID1PHASH+09ea954ddcc9c8e59e1a3cc2a90d52a627b46696+SAPISID3PHASH+09ea954ddcc9c8e59e1a3cc2a90d52a627b46696&authuser=0&format=json:0
[54906952ms] [ERROR] Failed to load resource: net::ERR_NAME_NOT_RESOLVED @ https://signaler-pa.clients6.google.com/punctual/multi-watch/channel?VER=8&gsessionid=L0Ooj6GwOOz0FgGGvpaSXntYHAk-2JEyZ6r1HI0S1xo&key=AIzaSyCIMH2ks6VPAfRC2lqU_Snz1Lo76XGdnlc&RID=rpc&SID=S134O8S7nLwOOpvHu5Sgqw&AID=27&CI=0&TYPE=xmlhttp&zx=5qskz05tk55t&t=1:0
[54928492ms] [ERROR] Failed to load resource: net::ERR_NAME_NOT_RESOLVED @ https://ssl.gstatic.com/ui/v1/icons/mail/images/cleardot.gif?zx=fjys126igl6u:0
[54936094ms] [ERROR] Failed to load resource: net::ERR_NAME_NOT_RESOLVED @ https://signaler-pa.clients6.google.com/punctual/multi-watch/channel?VER=8&gsessionid=L0Ooj6GwOOz0FgGGvpaSXntYHAk-2JEyZ6r1HI0S1xo&key=AIzaSyCIMH2ks6VPAfRC2lqU_Snz1Lo76XGdnlc&RID=rpc&SID=S134O8S7nLwOOpvHu5Sgqw&AID=27&CI=0&TYPE=xmlhttp&zx=qts0dzxs5gpa&t=2:0
[54943038ms] [ERROR] Failed to load resource: net::ERR_NAME_NOT_RESOLVED @ https://ssl.gstatic.com/ui/v1/icons/mail/images/cleardot.gif?zx=e6afq0mote49:0
[54957581ms] [ERROR] Failed to load resource: net::ERR_NAME_NOT_RESOLVED @ https://ssl.gstatic.com/ui/v1/icons/mail/images/cleardot.gif?zx=axugqn80zb59:0
[54957582ms] [ERROR] Failed to load resource: net::ERR_NAME_NOT_RESOLVED @ https://ssl.gstatic.com/ui/v1/icons/mail/images/cleardot.gif?zx=2d6ncnvqhts:0
[54962261ms] [ERROR] Failed to load resource: the server responded with a status of 400 () @ https://signaler-pa.clients6.google.com/punctual/multi-watch/channel?VER=8&gsessionid=L0Ooj6GwOOz0FgGGvpaSXntYHAk-2JEyZ6r1HI0S1xo&key=AIzaSyCIMH2ks6VPAfRC2lqU_Snz1Lo76XGdnlc&RID=rpc&SID=S134O8S7nLwOOpvHu5Sgqw&AID=27&CI=0&TYPE=xmlhttp&zx=7d45cpjmre3&t=3:0
[54989750ms] [ERROR] Failed to load resource: net::ERR_CONNECTION_CLOSED @ https://ssl.gstatic.com/ui/v1/icons/mail/images/cleardot.gif?zx=84aqzv1194rx:0
[55039187ms] [ERROR] Failed to load resource: net::ERR_CONNECTION_RESET @ https://play.google.com/log?format=json&hasfast=true&authuser=0:0
[55039494ms] [ERROR] Failed to load resource: net::ERR_CONNECTION_RESET @ https://play.google.com/log?hasfast=true&auth=SAPISIDHASH+09ea954ddcc9c8e59e1a3cc2a90d52a627b46696+SAPISID1PHASH+09ea954ddcc9c8e59e1a3cc2a90d52a627b46696+SAPISID3PHASH+09ea954ddcc9c8e59e1a3cc2a90d52a627b46696&authuser=0&format=json:0
[58982141ms] [ERROR] Failed to load resource: net::ERR_TIMED_OUT @ https://mail.google.com/sync/u/0/i/s?hl=zh-CN&c=125&rt=r&pt=ji:0
[59219664ms] [ERROR] Failed to load resource: net::ERR_CONNECTION_RESET @ https://play.google.com/log?format=json&hasfast=true&authuser=0:0
[59219714ms] [ERROR] Failed to load resource: net::ERR_CONNECTION_RESET @ https://play.google.com/log?hasfast=true&auth=SAPISIDHASH+09ea954ddcc9c8e59e1a3cc2a90d52a627b46696+SAPISID1PHASH+09ea954ddcc9c8e59e1a3cc2a90d52a627b46696+SAPISID3PHASH+09ea954ddcc9c8e59e1a3cc2a90d52a627b46696&authuser=0&format=json:0
[59219916ms] [ERROR] Failed to load resource: net::ERR_NAME_NOT_RESOLVED @ https://waa-pa.clients6.google.com/$rpc/google.internal.waa.v1.Waa/Ping:0
[59220482ms] [ERROR] Failed to load resource: net::ERR_QUIC_PROTOCOL_ERROR.QUIC_TOO_MANY_RTOS @ https://signaler-pa.clients6.google.com/punctual/multi-watch/channel?VER=8&gsessionid=hIWaOE6vZwLFS6s9-vUvKcUHF_j_kUTp20Ay2bbjjYE&key=AIzaSyCIMH2ks6VPAfRC2lqU_Snz1Lo76XGdnlc&RID=rpc&SID=ny3n87EOAqHMubnQJx9ibw&AID=41&CI=0&TYPE=xmlhttp&zx=oje67e9wc6q4&t=1:0
[59230455ms] [ERROR] Failed to load resource: net::ERR_CONNECTION_TIMED_OUT @ https://play.google.com/log?format=json&hasfast=true&authuser=0:0
[59234499ms] [ERROR] Failed to load resource: net::ERR_CONNECTION_RESET @ https://waa-pa.googleapis.com/$rpc/google.internal.waa.v1.Waa/Ping:0
[59237249ms] [ERROR] Failed to load resource: net::ERR_CONNECTION_RESET @ https://ssl.gstatic.com/ui/v1/icons/mail/images/cleardot.gif?zx=qqhuzrkszy3l:0
[59244030ms] [ERROR] Failed to load resource: net::ERR_NAME_NOT_RESOLVED @ https://signaler-pa.clients6.google.com/punctual/multi-watch/channel?VER=8&gsessionid=hIWaOE6vZwLFS6s9-vUvKcUHF_j_kUTp20Ay2bbjjYE&key=AIzaSyCIMH2ks6VPAfRC2lqU_Snz1Lo76XGdnlc&RID=rpc&SID=ny3n87EOAqHMubnQJx9ibw&AID=45&CI=0&TYPE=xmlhttp&zx=k3y1ljeyn7yr&t=2:0
[59275876ms] [ERROR] Failed to load resource: net::ERR_CONNECTION_RESET @ https://play.google.com/log?format=json&hasfast=true&authuser=0:0
[59284061ms] [ERROR] Failed to load resource: net::ERR_NAME_NOT_RESOLVED @ https://signaler-pa.clients6.google.com/punctual/multi-watch/channel?VER=8&gsessionid=hIWaOE6vZwLFS6s9-vUvKcUHF_j_kUTp20Ay2bbjjYE&key=AIzaSyCIMH2ks6VPAfRC2lqU_Snz1Lo76XGdnlc&RID=rpc&SID=ny3n87EOAqHMubnQJx9ibw&AID=45&CI=0&TYPE=xmlhttp&zx=dg521pbah6c&t=3:0
[65931866ms] [ERROR] Failed to load resource: net::ERR_QUIC_PROTOCOL_ERROR.QUIC_TOO_MANY_RTOS @ https://signaler-pa.clients6.google.com/punctual/multi-watch/channel?VER=8&gsessionid=kA2vKtsdNjJT0ozL4mtVWRvWhXXrqKtAyIhkbze9_XU&key=AIzaSyCIMH2ks6VPAfRC2lqU_Snz1Lo76XGdnlc&RID=rpc&SID=z0PkvqkIjj5lBmU2BLHxsQ&AID=27&CI=0&TYPE=xmlhttp&zx=f9rl9vqq8rek&t=1:0
[66031873ms] [ERROR] Failed to load resource: net::ERR_QUIC_PROTOCOL_ERROR.QUIC_TOO_MANY_RTOS @ https://signaler-pa.clients6.google.com/punctual/multi-watch/channel?VER=8&gsessionid=kA2vKtsdNjJT0ozL4mtVWRvWhXXrqKtAyIhkbze9_XU&key=AIzaSyCIMH2ks6VPAfRC2lqU_Snz1Lo76XGdnlc&RID=rpc&SID=z0PkvqkIjj5lBmU2BLHxsQ&AID=38&CI=0&TYPE=xmlhttp&zx=e14b7xiqupe4&t=2:0
[66432678ms] [ERROR] Failed to load resource: net::ERR_TIMED_OUT @ https://mail.google.com/sync/u/0/i/s?hl=zh-CN&c=145&rt=r&pt=ji:0
[66446853ms] [ERROR] Failed to load resource: net::ERR_CONNECTION_CLOSED @ https://play.google.com/log?format=json&hasfast=true&authuser=0:0
