[    8017ms] [WARNING] Failed to execute 'postMessage' on 'DOMWindow': The target origin provided ('https://marketing.figma.com') does not match the recipient window's origin ('https://www.figma.com'). @ https://www.figma.com/webpack-artifacts/assets/608-a156f897d12a9e0b.min.js.br:6
[    8017ms] [WARNING] Failed to execute 'postMessage' on 'DOMWindow': The target origin provided ('https://marketing.figma.com') does not match the recipient window's origin ('https://www.figma.com'). @ https://www.figma.com/webpack-artifacts/assets/608-a156f897d12a9e0b.min.js.br:6
[    8017ms] [WARNING] Failed to execute 'postMessage' on 'DOMWindow': The target origin provided ('https://marketing.figma.com') does not match the recipient window's origin ('https://www.figma.com'). @ https://www.figma.com/webpack-artifacts/assets/608-a156f897d12a9e0b.min.js.br:6
[    8017ms] [WARNING] Failed to execute 'postMessage' on 'DOMWindow': The target origin provided ('https://marketing.figma.com') does not match the recipient window's origin ('https://www.figma.com'). @ https://www.figma.com/webpack-artifacts/assets/608-a156f897d12a9e0b.min.js.br:6
[    8018ms] [WARNING] Failed to execute 'postMessage' on 'DOMWindow': The target origin provided ('https://marketing.figma.com') does not match the recipient window's origin ('https://www.figma.com'). @ https://www.figma.com/webpack-artifacts/assets/608-a156f897d12a9e0b.min.js.br:6
[   15706ms] [ERROR] Attestation check for Attribution Reporting on https://www.facebook.com failed. @ https://www.figma.com/login:0
[   64605ms] [WARNING] Statsig is not ready to log exposures, will retry in 1 seconds @ https://www.figma.com/webpack-artifacts/assets/vendor-core-83c17265f2588e9e.min.js.br:53
[   66018ms] [ERROR] Failed to load resource: net::ERR_BLOCKED_BY_CLIENT @ chrome-extension://invalid/:0
[   71359ms] [WARNING] Specifying 'overflow: visible' on img, video and canvas tags may cause them to produce visual content outside of the element bounds. See https://github.com/WICG/view-transitions/blob/main/debugging_overflow_on_images.md for details. @ https://www.figma.com/webpack-artifacts/assets/5582-a79376ebaaaef860.min.js.br:1382
[   81382ms] [WARNING] Canvas2D: Multiple readback operations using getImageData are faster with the willReadFrequently attribute set to true. See: https://html.spec.whatwg.org/multipage/canvas.html#concept-canvas-will-read-frequently @ https://www.figma.com/webpack-artifacts/assets/5582-a79376ebaaaef860.min.js.br:1382
[   81737ms] [WARNING] Canvas2D: Multiple readback operations using getImageData are faster with the willReadFrequently attribute set to true. See: https://html.spec.whatwg.org/multipage/canvas.html#concept-canvas-will-read-frequently @ https://www.figma.com/webpack-artifacts/assets/5582-a79376ebaaaef860.min.js.br:1382
[   81783ms] [WARNING] Canvas2D: Multiple readback operations using getImageData are faster with the willReadFrequently attribute set to true. See: https://html.spec.whatwg.org/multipage/canvas.html#concept-canvas-will-read-frequently @ https://www.figma.com/webpack-artifacts/assets/5582-a79376ebaaaef860.min.js.br:1382
[   81835ms] [WARNING] Canvas2D: Multiple readback operations using getImageData are faster with the willReadFrequently attribute set to true. See: https://html.spec.whatwg.org/multipage/canvas.html#concept-canvas-will-read-frequently @ https://www.figma.com/webpack-artifacts/assets/5582-a79376ebaaaef860.min.js.br:1382
[   81880ms] [WARNING] Canvas2D: Multiple readback operations using getImageData are faster with the willReadFrequently attribute set to true. See: https://html.spec.whatwg.org/multipage/canvas.html#concept-canvas-will-read-frequently @ https://www.figma.com/webpack-artifacts/assets/5582-a79376ebaaaef860.min.js.br:1382
[   83024ms] [WARNING] Canvas2D: Multiple readback operations using getImageData are faster with the willReadFrequently attribute set to true. See: https://html.spec.whatwg.org/multipage/canvas.html#concept-canvas-will-read-frequently @ https://www.figma.com/webpack-artifacts/assets/5582-a79376ebaaaef860.min.js.br:1382
[   83050ms] [WARNING] Canvas2D: Multiple readback operations using getImageData are faster with the willReadFrequently attribute set to true. See: https://html.spec.whatwg.org/multipage/canvas.html#concept-canvas-will-read-frequently @ https://www.figma.com/webpack-artifacts/assets/5582-a79376ebaaaef860.min.js.br:1382
[   83085ms] [WARNING] Canvas2D: Multiple readback operations using getImageData are faster with the willReadFrequently attribute set to true. See: https://html.spec.whatwg.org/multipage/canvas.html#concept-canvas-will-read-frequently @ https://www.figma.com/webpack-artifacts/assets/5582-a79376ebaaaef860.min.js.br:1382
[   83111ms] [WARNING] Canvas2D: Multiple readback operations using getImageData are faster with the willReadFrequently attribute set to true. See: https://html.spec.whatwg.org/multipage/canvas.html#concept-canvas-will-read-frequently @ https://www.figma.com/webpack-artifacts/assets/5582-a79376ebaaaef860.min.js.br:1382
[   83140ms] [WARNING] Canvas2D: Multiple readback operations using getImageData are faster with the willReadFrequently attribute set to true. See: https://html.spec.whatwg.org/multipage/canvas.html#concept-canvas-will-read-frequently @ https://www.figma.com/webpack-artifacts/assets/5582-a79376ebaaaef860.min.js.br:1382
[   83183ms] [WARNING] Canvas2D: Multiple readback operations using getImageData are faster with the willReadFrequently attribute set to true. See: https://html.spec.whatwg.org/multipage/canvas.html#concept-canvas-will-read-frequently @ https://www.figma.com/webpack-artifacts/assets/5582-a79376ebaaaef860.min.js.br:1382
[   83225ms] [WARNING] Canvas2D: Multiple readback operations using getImageData are faster with the willReadFrequently attribute set to true. See: https://html.spec.whatwg.org/multipage/canvas.html#concept-canvas-will-read-frequently @ https://www.figma.com/webpack-artifacts/assets/5582-a79376ebaaaef860.min.js.br:1382
[   83324ms] [WARNING] Canvas2D: Multiple readback operations using getImageData are faster with the willReadFrequently attribute set to true. See: https://html.spec.whatwg.org/multipage/canvas.html#concept-canvas-will-read-frequently @ https://www.figma.com/webpack-artifacts/assets/5582-a79376ebaaaef860.min.js.br:1382
[   83464ms] [WARNING] Canvas2D: Multiple readback operations using getImageData are faster with the willReadFrequently attribute set to true. See: https://html.spec.whatwg.org/multipage/canvas.html#concept-canvas-will-read-frequently @ https://www.figma.com/webpack-artifacts/assets/5582-a79376ebaaaef860.min.js.br:1382
[   83599ms] [WARNING] Canvas2D: Multiple readback operations using getImageData are faster with the willReadFrequently attribute set to true. See: https://html.spec.whatwg.org/multipage/canvas.html#concept-canvas-will-read-frequently @ https://www.figma.com/webpack-artifacts/assets/5582-a79376ebaaaef860.min.js.br:1382
[   83635ms] [WARNING] Canvas2D: Multiple readback operations using getImageData are faster with the willReadFrequently attribute set to true. See: https://html.spec.whatwg.org/multipage/canvas.html#concept-canvas-will-read-frequently @ https://www.figma.com/webpack-artifacts/assets/5582-a79376ebaaaef860.min.js.br:1382
[   83666ms] [WARNING] Canvas2D: Multiple readback operations using getImageData are faster with the willReadFrequently attribute set to true. See: https://html.spec.whatwg.org/multipage/canvas.html#concept-canvas-will-read-frequently @ https://www.figma.com/webpack-artifacts/assets/5582-a79376ebaaaef860.min.js.br:1382
[  893753ms] [WARNING] The powerPreference option is currently ignored when calling requestAdapter() on Windows. See https://crbug.com/369219127 @ https://www.figma.com/webpack-artifacts/assets/3661-50bf4aa5ae1fbcd8.min.js.br:28
[  895255ms] [WARNING] resetRenderers Unable to reset null renderers {} @ https://www.figma.com/webpack-artifacts/assets/vendor-core-83c17265f2588e9e.min.js.br:53
[  895272ms] [WARNING] resetRenderers Unable to reset null renderers {} @ https://www.figma.com/webpack-artifacts/assets/vendor-core-83c17265f2588e9e.min.js.br:53
[  900141ms] [ERROR] Access to image at 'https://www.gravatar.com/avatar/b5cb85b82ca92493322836c7bf65baa7?size=240&default=https%3A%2F%2Fs3-alpha.figma.com%2Fstatic%2Fuser_f_v2.png?c=1' from origin 'https://www.figma.com' has been blocked by CORS policy: No 'Access-Control-Allow-Origin' header is present on the requested resource. @ https://www.figma.com/design/H6Hjc9r1J2YxatA5xwJfGZ/Untitled?node-id=0-1&p=f&t=hLBuzo43nV7FfS99-0:0
[  900141ms] [ERROR] Failed to load resource: net::ERR_FAILED @ https://www.gravatar.com/avatar/b5cb85b82ca92493322836c7bf65baa7?size=240&default=https%3A%2F%2Fs3-alpha.figma.com%2Fstatic%2Fuser_f_v2.png?c=1:0
[  936289ms] [ERROR] Failed to load resource: net::ERR_CONNECTION_CLOSED @ https://s3-alpha.figma.com/thumbnails/3f791186-cdb3-4ad9-9b23-c82b0f903608?X-Amz-Algorithm=AWS4-HMAC-SHA256&X-Amz-Credential=AKIAQ4GOSFWC6RGVDPLF%2F20260325%2Fus-west-2%2Fs3%2Faws4_request&X-Amz-Date=20260325T033107Z&X-Amz-Expires=604800&X-Amz-SignedHeaders=host&X-Amz-Signature=3f6bcdeb2109c5b02e8687bb693ce3e1d5187410019d60bdba9ad264f52d2487:0
[  939873ms] [WARNING] Already seeking or audio isn't ready, can't set timestamp. @ https://www.figma.com/webpack-artifacts/assets/vendor-core-83c17265f2588e9e.min.js.br:53
[  942435ms] [ERROR] Access to image at 'https://www.gravatar.com/avatar/b5cb85b82ca92493322836c7bf65baa7?size=240&default=https%3A%2F%2Fs3-alpha.figma.com%2Fstatic%2Fuser_f_v2.png?c=1' from origin 'https://www.figma.com' has been blocked by CORS policy: No 'Access-Control-Allow-Origin' header is present on the requested resource. @ https://www.figma.com/board/K7Zdz7o7x0dWLPsZCOlk7i/Untitled?t=hLBuzo43nV7FfS99-0:0
[  942435ms] [ERROR] Failed to load resource: net::ERR_FAILED @ https://www.gravatar.com/avatar/b5cb85b82ca92493322836c7bf65baa7?size=240&default=https%3A%2F%2Fs3-alpha.figma.com%2Fstatic%2Fuser_f_v2.png?c=1:0
