[    9743ms] [ERROR] Failed to load resource: the server responded with a status of 429 () @ https://www.google.com/sorry/index?continue=https://www.google.com/search%3Fq%3DFigma%26oq%3DFigma%26gs_lcrp%3DEgZjaHJvbWUyBggAEEUYOdIBBzY0OGowajGoAgCwAgE%26sourceid%3Dchrome%26ie%3DUTF-8%26sei%3DH1PDacruBsD00PEPreai-Qk&q=EgQm1R7BGJ-mjc4GIjCagDjO1YCBNZ4tLyVNS1JWJ4aBBH7pdqS_egM6REwUvgPR8oI3J9f9L_RXqnZDOE0yAVJaAUM:0
[   12083ms] [WARNING] An iframe which has both allow-scripts and allow-same-origin for its sandbox attribute can escape its sandboxing. @ https://www.google.com/recaptcha/enterprise/anchor?ar=1&k=6LdLLIMbAAAAAIl-KLj9p1ePhM-4LCCDbjtJLqRO&co=aHR0cHM6Ly93d3cuZ29vZ2xlLmNvbTo0NDM.&hl=zh-CN&v=qm3PSRIx10pekcnS9DjGnjPW&size=normal&s=s6O07orf31MsnMYqeeyshvKob1iaguSy7jrg1kvLCuC-vfmTaa7mDk7_JAJbM6meG5UKdKkP6Js5FHznqXwnsUzkssQEVGefejkkqHQVapSJIt7Qi1mA019R6w0aibwMKeCXDXh5XZcLL6cxJrBt-GXIELCG4kRkl64T8tiGtM1qsCkrE40U7QsW052ZZwQx5sADQt92n4FJTqUV2HZLvjbJEUZ_XWtIf_Ik2qK8NvwUUa03QfLlmfG5LsVOjGpfS91CAL_3vlPO3cPEuh4bj9-UpA4B_A0&anchor-ms=20000&execute-ms=30000&cb=ujx2zaw3mq47:0
[   14445ms] ReferenceError: solveSimpleChallenge is not defined
    at onload (https://www.google.com/sorry/index?continue=https://www.google.com/search%3Fq%3DFigma%26oq%3DFigma%26gs_lcrp%3DEgZjaHJvbWUyBggAEEUYOdIBBzY0OGowajGoAgCwAgE%26sourceid%3Dchrome%26ie%3DUTF-8%26sei%3DH1PDacruBsD00PEPreai-Qk&q=EgQm1R7BGJ-mjc4GIjCagDjO1YCBNZ4tLyVNS1JWJ4aBBH7pdqS_egM6REwUvgPR8oI3J9f9L_RXqnZDOE0yAVJaAUM:4:316)
[   14710ms] [WARNING] An iframe which has both allow-scripts and allow-same-origin for its sandbox attribute can escape its sandboxing. @ https://www.google.com/recaptcha/enterprise/bframe?hl=zh-CN&v=qm3PSRIx10pekcnS9DjGnjPW&k=6LdLLIMbAAAAAIl-KLj9p1ePhM-4LCCDbjtJLqRO&bft=0dAFcWeA57FeK05XhW6qfyux_LGLSMZ3-Va53msrTYp4yzE07XpfEL8M-maOPkqPcK6wzN9tWWSbn7tqelW7bTxaTJTKT0ygy1aQ:0
[   42756ms] [WARNING]   WARN  [Statsig] Attempting to retrieve a StatsigClient but none was set. @ https://www.figma.com/_netlify/_next/static/chunks/3914-3d316078ee788310.js:4
[   44067ms] [WARNING] ReactPlayer: Vimeo player could not call %cplay%c – The player was not available font-weight: bold  @ https://www.figma.com/_netlify/_next/static/chunks/3914-3d316078ee788310.js:4
[   45761ms] [WARNING] The resource https://www.figma.com/_netlify/_next/static/media/rive.ac4ff0e0.wasm was preloaded using link preload but not used within a few seconds from the window's load event. Please make sure it has an appropriate `as` value and it is preloaded intentionally. @ https://www.figma.com/:0
[   49648ms] TypeError: Cannot read properties of null (reading 'querySelectorAll')
    at c (https://www.figma.com/_netlify/_next/static/chunks/8992-8240c65c08bcb6e0.js:1:191093)
    at https://www.figma.com/_netlify/_next/static/chunks/8992-8240c65c08bcb6e0.js:1:191216
    at Array.forEach (<anonymous>)
    at c (https://www.figma.com/_netlify/_next/static/chunks/8992-8240c65c08bcb6e0.js:1:191159)
    at u (https://www.figma.com/_netlify/_next/static/chunks/8992-8240c65c08bcb6e0.js:1:191312)
    at https://www.figma.com/_netlify/_next/static/chunks/8992-8240c65c08bcb6e0.js:1:314528
    at o1 (https://www.figma.com/_netlify/_next/static/chunks/4bd1b696-be5ceba1b1a33b39.js:1:89340)
    at uE (https://www.figma.com/_netlify/_next/static/chunks/4bd1b696-be5ceba1b1a33b39.js:1:105232)
    at ux (https://www.figma.com/_netlify/_next/static/chunks/4bd1b696-be5ceba1b1a33b39.js:1:105116)
    at uE (https://www.figma.com/_netlify/_next/static/chunks/4bd1b696-be5ceba1b1a33b39.js:1:105212)
    at ux (https://www.figma.com/_netlify/_next/static/chunks/4bd1b696-be5ceba1b1a33b39.js:1:105116)
    at uE (https://www.figma.com/_netlify/_next/static/chunks/4bd1b696-be5ceba1b1a33b39.js:1:105212)
    at ux (https://www.figma.com/_netlify/_next/static/chunks/4bd1b696-be5ceba1b1a33b39.js:1:105116)
    at uE (https://www.figma.com/_netlify/_next/static/chunks/4bd1b696-be5ceba1b1a33b39.js:1:105277)
    at ux (https://www.figma.com/_netlify/_next/static/chunks/4bd1b696-be5ceba1b1a33b39.js:1:105116)
    at uE (https://www.figma.com/_netlify/_next/static/chunks/4bd1b696-be5ceba1b1a33b39.js:1:105212)
    at ux (https://www.figma.com/_netlify/_next/static/chunks/4bd1b696-be5ceba1b1a33b39.js:1:105116)
    at uE (https://www.figma.com/_netlify/_next/static/chunks/4bd1b696-be5ceba1b1a33b39.js:1:105277)
    at ux (https://www.figma.com/_netlify/_next/static/chunks/4bd1b696-be5ceba1b1a33b39.js:1:105116)
    at uE (https://www.figma.com/_netlify/_next/static/chunks/4bd1b696-be5ceba1b1a33b39.js:1:105212)
    at ux (https://www.figma.com/_netlify/_next/static/chunks/4bd1b696-be5ceba1b1a33b39.js:1:105116)
    at uE (https://www.figma.com/_netlify/_next/static/chunks/4bd1b696-be5ceba1b1a33b39.js:1:105212)
    at ux (https://www.figma.com/_netlify/_next/static/chunks/4bd1b696-be5ceba1b1a33b39.js:1:105116)
    at uE (https://www.figma.com/_netlify/_next/static/chunks/4bd1b696-be5ceba1b1a33b39.js:1:105212)
    at ux (https://www.figma.com/_netlify/_next/static/chunks/4bd1b696-be5ceba1b1a33b39.js:1:105116)
    at uE (https://www.figma.com/_netlify/_next/static/chunks/4bd1b696-be5ceba1b1a33b39.js:1:105277)
    at ux (https://www.figma.com/_netlify/_next/static/chunks/4bd1b696-be5ceba1b1a33b39.js:1:105116)
    at uE (https://www.figma.com/_netlify/_next/static/chunks/4bd1b696-be5ceba1b1a33b39.js:1:105212)
    at ux (https://www.figma.com/_netlify/_next/static/chunks/4bd1b696-be5ceba1b1a33b39.js:1:105116)
    at uE (https://www.figma.com/_netlify/_next/static/chunks/4bd1b696-be5ceba1b1a33b39.js:1:105212)
    at ux (https://www.figma.com/_netlify/_next/static/chunks/4bd1b696-be5ceba1b1a33b39.js:1:105116)
    at uE (https://www.figma.com/_netlify/_next/static/chunks/4bd1b696-be5ceba1b1a33b39.js:1:105277)
    at ux (https://www.figma.com/_netlify/_next/static/chunks/4bd1b696-be5ceba1b1a33b39.js:1:105116)
    at uE (https://www.figma.com/_netlify/_next/static/chunks/4bd1b696-be5ceba1b1a33b39.js:1:105212)
    at ux (https://www.figma.com/_netlify/_next/static/chunks/4bd1b696-be5ceba1b1a33b39.js:1:105116)
    at uE (https://www.figma.com/_netlify/_next/static/chunks/4bd1b696-be5ceba1b1a33b39.js:1:105212)
    at ux (https://www.figma.com/_netlify/_next/static/chunks/4bd1b696-be5ceba1b1a33b39.js:1:105116)
    at uE (https://www.figma.com/_netlify/_next/static/chunks/4bd1b696-be5ceba1b1a33b39.js:1:105277)
    at ux (https://www.figma.com/_netlify/_next/static/chunks/4bd1b696-be5ceba1b1a33b39.js:1:105116)
    at uE (https://www.figma.com/_netlify/_next/static/chunks/4bd1b696-be5ceba1b1a33b39.js:1:105212)
    at ux (https://www.figma.com/_netlify/_next/static/chunks/4bd1b696-be5ceba1b1a33b39.js:1:105116)
    at uE (https://www.figma.com/_netlify/_next/static/chunks/4bd1b696-be5ceba1b1a33b39.js:1:105212)
    at ux (https://www.figma.com/_netlify/_next/static/chunks/4bd1b696-be5ceba1b1a33b39.js:1:105116)
    at uE (https://www.figma.com/_netlify/_next/static/chunks/4bd1b696-be5ceba1b1a33b39.js:1:105277)
    at ux (https://www.figma.com/_netlify/_next/static/chunks/4bd1b696-be5ceba1b1a33b39.js:1:105116)
    at uE (https://www.figma.com/_netlify/_next/static/chunks/4bd1b696-be5ceba1b1a33b39.js:1:105212)
    at ux (https://www.figma.com/_netlify/_next/static/chunks/4bd1b696-be5ceba1b1a33b39.js:1:105116)
    at uE (https://www.figma.com/_netlify/_next/static/chunks/4bd1b696-be5ceba1b1a33b39.js:1:105277)
    at ux (https://www.figma.com/_netlify/_next/static/chunks/4bd1b696-be5ceba1b1a33b39.js:1:105116)
    at uE (https://www.figma.com/_netlify/_next/static/chunks/4bd1b696-be5ceba1b1a33b39.js:1:105212)
[   56952ms] [WARNING] The resource https://www.figma.com/_netlify/_next/static/media/rive.ac4ff0e0.wasm was preloaded using link preload but not used within a few seconds from the window's load event. Please make sure it has an appropriate `as` value and it is preloaded intentionally. @ https://www.figma.com/:0
[   68781ms] [WARNING]   WARN  [Statsig] Attempting to retrieve a StatsigClient but none was set. @ https://www.figma.com/_netlify/_next/static/chunks/3914-3d316078ee788310.js:4
[   70870ms] [WARNING] [GSI_LOGGER]: Your client application uses one of the Google One Tap prompt UI status methods that may stop functioning when FedCM becomes mandatory. Refer to the migration guide to update your code accordingly and opt-in to FedCM to test your changes. Learn more: https://developers.google.com/identity/gsi/web/guides/fedcm-migration?s=dc#display_moment and https://developers.google.com/identity/gsi/web/guides/fedcm-migration?s=dc#skipped_moment @ https://www.figma.com/_netlify/_next/static/chunks/3914-3d316078ee788310.js:4
[   74355ms] [ERROR] Provider's accounts list is empty. @ https://www.figma.com/:0
[   78936ms] [WARNING] The resource https://www.figma.com/_netlify/_next/static/media/rive.ac4ff0e0.wasm was preloaded using link preload but not used within a few seconds from the window's load event. Please make sure it has an appropriate `as` value and it is preloaded intentionally. @ https://www.figma.com/:0
[   80350ms] [ERROR] Attestation check for Attribution Reporting on https://www.facebook.com failed. @ https://www.figma.com/:0
[   85667ms] [WARNING] The resource https://www.figma.com/_netlify/_next/static/media/rive.ac4ff0e0.wasm was preloaded using link preload but not used within a few seconds from the window's load event. Please make sure it has an appropriate `as` value and it is preloaded intentionally. @ https://www.figma.com/:0
[   89866ms] [ERROR] [GSI_LOGGER]: FedCM get() rejects with NetworkError: Error retrieving a token. @ https://www.figma.com/_netlify/_next/static/chunks/3914-3d316078ee788310.js:4
[  100649ms] [WARNING] The resource https://www.figma.com/_netlify/_next/static/media/rive.ac4ff0e0.wasm was preloaded using link preload but not used within a few seconds from the window's load event. Please make sure it has an appropriate `as` value and it is preloaded intentionally. @ https://www.figma.com/:0
[  107987ms] [WARNING] The resource https://www.figma.com/_netlify/_next/static/media/rive.ac4ff0e0.wasm was preloaded using link preload but not used within a few seconds from the window's load event. Please make sure it has an appropriate `as` value and it is preloaded intentionally. @ https://www.figma.com/:0
[  115126ms] [WARNING] The resource https://www.figma.com/_netlify/_next/static/media/rive.ac4ff0e0.wasm was preloaded using link preload but not used within a few seconds from the window's load event. Please make sure it has an appropriate `as` value and it is preloaded intentionally. @ https://www.figma.com/:0
[  124493ms] [WARNING] The resource https://www.figma.com/_netlify/_next/static/media/rive.ac4ff0e0.wasm was preloaded using link preload but not used within a few seconds from the window's load event. Please make sure it has an appropriate `as` value and it is preloaded intentionally. @ https://www.figma.com/:0
[  131866ms] [WARNING] The resource https://www.figma.com/_netlify/_next/static/media/rive.ac4ff0e0.wasm was preloaded using link preload but not used within a few seconds from the window's load event. Please make sure it has an appropriate `as` value and it is preloaded intentionally. @ https://www.figma.com/:0
[  153076ms] [WARNING] The resource https://www.figma.com/_netlify/_next/static/media/rive.ac4ff0e0.wasm was preloaded using link preload but not used within a few seconds from the window's load event. Please make sure it has an appropriate `as` value and it is preloaded intentionally. @ https://www.figma.com/:0
[  164787ms] [WARNING] The resource https://www.figma.com/_netlify/_next/static/media/rive.ac4ff0e0.wasm was preloaded using link preload but not used within a few seconds from the window's load event. Please make sure it has an appropriate `as` value and it is preloaded intentionally. @ https://www.figma.com/:0
[  169066ms] [WARNING] The resource https://www.figma.com/_netlify/_next/static/media/rive.ac4ff0e0.wasm was preloaded using link preload but not used within a few seconds from the window's load event. Please make sure it has an appropriate `as` value and it is preloaded intentionally. @ https://www.figma.com/:0
[  201202ms] [WARNING] The resource https://www.figma.com/_netlify/_next/static/media/rive.ac4ff0e0.wasm was preloaded using link preload but not used within a few seconds from the window's load event. Please make sure it has an appropriate `as` value and it is preloaded intentionally. @ https://www.figma.com/:0
[  209116ms] [WARNING] The resource https://www.figma.com/_netlify/_next/static/media/rive.ac4ff0e0.wasm was preloaded using link preload but not used within a few seconds from the window's load event. Please make sure it has an appropriate `as` value and it is preloaded intentionally. @ https://www.figma.com/:0
[  217120ms] [WARNING] The resource https://www.figma.com/_netlify/_next/static/media/rive.ac4ff0e0.wasm was preloaded using link preload but not used within a few seconds from the window's load event. Please make sure it has an appropriate `as` value and it is preloaded intentionally. @ https://www.figma.com/:0
[  225092ms] [WARNING] The resource https://www.figma.com/_netlify/_next/static/media/rive.ac4ff0e0.wasm was preloaded using link preload but not used within a few seconds from the window's load event. Please make sure it has an appropriate `as` value and it is preloaded intentionally. @ https://www.figma.com/:0
[  233103ms] [WARNING] The resource https://www.figma.com/_netlify/_next/static/media/rive.ac4ff0e0.wasm was preloaded using link preload but not used within a few seconds from the window's load event. Please make sure it has an appropriate `as` value and it is preloaded intentionally. @ https://www.figma.com/:0
[  243389ms] [WARNING] The resource https://www.figma.com/_netlify/_next/static/media/rive.ac4ff0e0.wasm was preloaded using link preload but not used within a few seconds from the window's load event. Please make sure it has an appropriate `as` value and it is preloaded intentionally. @ https://www.figma.com/:0
[  249079ms] [WARNING] The resource https://www.figma.com/_netlify/_next/static/media/rive.ac4ff0e0.wasm was preloaded using link preload but not used within a few seconds from the window's load event. Please make sure it has an appropriate `as` value and it is preloaded intentionally. @ https://www.figma.com/:0
[  257134ms] [WARNING] The resource https://www.figma.com/_netlify/_next/static/media/rive.ac4ff0e0.wasm was preloaded using link preload but not used within a few seconds from the window's load event. Please make sure it has an appropriate `as` value and it is preloaded intentionally. @ https://www.figma.com/:0
[  267619ms] [WARNING] The resource https://www.figma.com/_netlify/_next/static/media/rive.ac4ff0e0.wasm was preloaded using link preload but not used within a few seconds from the window's load event. Please make sure it has an appropriate `as` value and it is preloaded intentionally. @ https://www.figma.com/:0
[  273084ms] [WARNING] The resource https://www.figma.com/_netlify/_next/static/media/rive.ac4ff0e0.wasm was preloaded using link preload but not used within a few seconds from the window's load event. Please make sure it has an appropriate `as` value and it is preloaded intentionally. @ https://www.figma.com/:0
[  281076ms] [WARNING] The resource https://www.figma.com/_netlify/_next/static/media/rive.ac4ff0e0.wasm was preloaded using link preload but not used within a few seconds from the window's load event. Please make sure it has an appropriate `as` value and it is preloaded intentionally. @ https://www.figma.com/:0
[  289069ms] [WARNING] The resource https://www.figma.com/_netlify/_next/static/media/rive.ac4ff0e0.wasm was preloaded using link preload but not used within a few seconds from the window's load event. Please make sure it has an appropriate `as` value and it is preloaded intentionally. @ https://www.figma.com/:0
[  297059ms] [WARNING] The resource https://www.figma.com/_netlify/_next/static/media/rive.ac4ff0e0.wasm was preloaded using link preload but not used within a few seconds from the window's load event. Please make sure it has an appropriate `as` value and it is preloaded intentionally. @ https://www.figma.com/:0
[  305059ms] [WARNING] The resource https://www.figma.com/_netlify/_next/static/media/rive.ac4ff0e0.wasm was preloaded using link preload but not used within a few seconds from the window's load event. Please make sure it has an appropriate `as` value and it is preloaded intentionally. @ https://www.figma.com/:0
[  313055ms] [WARNING] The resource https://www.figma.com/_netlify/_next/static/media/rive.ac4ff0e0.wasm was preloaded using link preload but not used within a few seconds from the window's load event. Please make sure it has an appropriate `as` value and it is preloaded intentionally. @ https://www.figma.com/:0
[  321067ms] [WARNING] The resource https://www.figma.com/_netlify/_next/static/media/rive.ac4ff0e0.wasm was preloaded using link preload but not used within a few seconds from the window's load event. Please make sure it has an appropriate `as` value and it is preloaded intentionally. @ https://www.figma.com/:0
[  329057ms] [WARNING] The resource https://www.figma.com/_netlify/_next/static/media/rive.ac4ff0e0.wasm was preloaded using link preload but not used within a few seconds from the window's load event. Please make sure it has an appropriate `as` value and it is preloaded intentionally. @ https://www.figma.com/:0
[  337077ms] [WARNING] The resource https://www.figma.com/_netlify/_next/static/media/rive.ac4ff0e0.wasm was preloaded using link preload but not used within a few seconds from the window's load event. Please make sure it has an appropriate `as` value and it is preloaded intentionally. @ https://www.figma.com/:0
[  345081ms] [WARNING] The resource https://www.figma.com/_netlify/_next/static/media/rive.ac4ff0e0.wasm was preloaded using link preload but not used within a few seconds from the window's load event. Please make sure it has an appropriate `as` value and it is preloaded intentionally. @ https://www.figma.com/:0
[  353064ms] [WARNING] The resource https://www.figma.com/_netlify/_next/static/media/rive.ac4ff0e0.wasm was preloaded using link preload but not used within a few seconds from the window's load event. Please make sure it has an appropriate `as` value and it is preloaded intentionally. @ https://www.figma.com/:0
[  361073ms] [WARNING] The resource https://www.figma.com/_netlify/_next/static/media/rive.ac4ff0e0.wasm was preloaded using link preload but not used within a few seconds from the window's load event. Please make sure it has an appropriate `as` value and it is preloaded intentionally. @ https://www.figma.com/:0
[  369072ms] [WARNING] The resource https://www.figma.com/_netlify/_next/static/media/rive.ac4ff0e0.wasm was preloaded using link preload but not used within a few seconds from the window's load event. Please make sure it has an appropriate `as` value and it is preloaded intentionally. @ https://www.figma.com/:0
[  377079ms] [WARNING] The resource https://www.figma.com/_netlify/_next/static/media/rive.ac4ff0e0.wasm was preloaded using link preload but not used within a few seconds from the window's load event. Please make sure it has an appropriate `as` value and it is preloaded intentionally. @ https://www.figma.com/:0
[  385059ms] [WARNING] The resource https://www.figma.com/_netlify/_next/static/media/rive.ac4ff0e0.wasm was preloaded using link preload but not used within a few seconds from the window's load event. Please make sure it has an appropriate `as` value and it is preloaded intentionally. @ https://www.figma.com/:0
[  393091ms] [WARNING] The resource https://www.figma.com/_netlify/_next/static/media/rive.ac4ff0e0.wasm was preloaded using link preload but not used within a few seconds from the window's load event. Please make sure it has an appropriate `as` value and it is preloaded intentionally. @ https://www.figma.com/:0
[  401072ms] [WARNING] The resource https://www.figma.com/_netlify/_next/static/media/rive.ac4ff0e0.wasm was preloaded using link preload but not used within a few seconds from the window's load event. Please make sure it has an appropriate `as` value and it is preloaded intentionally. @ https://www.figma.com/:0
[  409083ms] [WARNING] The resource https://www.figma.com/_netlify/_next/static/media/rive.ac4ff0e0.wasm was preloaded using link preload but not used within a few seconds from the window's load event. Please make sure it has an appropriate `as` value and it is preloaded intentionally. @ https://www.figma.com/:0
[  417073ms] [WARNING] The resource https://www.figma.com/_netlify/_next/static/media/rive.ac4ff0e0.wasm was preloaded using link preload but not used within a few seconds from the window's load event. Please make sure it has an appropriate `as` value and it is preloaded intentionally. @ https://www.figma.com/:0
[  425075ms] [WARNING] The resource https://www.figma.com/_netlify/_next/static/media/rive.ac4ff0e0.wasm was preloaded using link preload but not used within a few seconds from the window's load event. Please make sure it has an appropriate `as` value and it is preloaded intentionally. @ https://www.figma.com/:0
[  433096ms] [WARNING] The resource https://www.figma.com/_netlify/_next/static/media/rive.ac4ff0e0.wasm was preloaded using link preload but not used within a few seconds from the window's load event. Please make sure it has an appropriate `as` value and it is preloaded intentionally. @ https://www.figma.com/:0
[  441080ms] [WARNING] The resource https://www.figma.com/_netlify/_next/static/media/rive.ac4ff0e0.wasm was preloaded using link preload but not used within a few seconds from the window's load event. Please make sure it has an appropriate `as` value and it is preloaded intentionally. @ https://www.figma.com/:0
[  449076ms] [WARNING] The resource https://www.figma.com/_netlify/_next/static/media/rive.ac4ff0e0.wasm was preloaded using link preload but not used within a few seconds from the window's load event. Please make sure it has an appropriate `as` value and it is preloaded intentionally. @ https://www.figma.com/:0
[  457077ms] [WARNING] The resource https://www.figma.com/_netlify/_next/static/media/rive.ac4ff0e0.wasm was preloaded using link preload but not used within a few seconds from the window's load event. Please make sure it has an appropriate `as` value and it is preloaded intentionally. @ https://www.figma.com/:0
[  465067ms] [WARNING] The resource https://www.figma.com/_netlify/_next/static/media/rive.ac4ff0e0.wasm was preloaded using link preload but not used within a few seconds from the window's load event. Please make sure it has an appropriate `as` value and it is preloaded intentionally. @ https://www.figma.com/:0
[  473139ms] [WARNING] The resource https://www.figma.com/_netlify/_next/static/media/rive.ac4ff0e0.wasm was preloaded using link preload but not used within a few seconds from the window's load event. Please make sure it has an appropriate `as` value and it is preloaded intentionally. @ https://www.figma.com/:0
[  481127ms] [WARNING] The resource https://www.figma.com/_netlify/_next/static/media/rive.ac4ff0e0.wasm was preloaded using link preload but not used within a few seconds from the window's load event. Please make sure it has an appropriate `as` value and it is preloaded intentionally. @ https://www.figma.com/:0
[  489090ms] [WARNING] The resource https://www.figma.com/_netlify/_next/static/media/rive.ac4ff0e0.wasm was preloaded using link preload but not used within a few seconds from the window's load event. Please make sure it has an appropriate `as` value and it is preloaded intentionally. @ https://www.figma.com/:0
[  497086ms] [WARNING] The resource https://www.figma.com/_netlify/_next/static/media/rive.ac4ff0e0.wasm was preloaded using link preload but not used within a few seconds from the window's load event. Please make sure it has an appropriate `as` value and it is preloaded intentionally. @ https://www.figma.com/:0
[  505063ms] [WARNING] The resource https://www.figma.com/_netlify/_next/static/media/rive.ac4ff0e0.wasm was preloaded using link preload but not used within a few seconds from the window's load event. Please make sure it has an appropriate `as` value and it is preloaded intentionally. @ https://www.figma.com/:0
[  513083ms] [WARNING] The resource https://www.figma.com/_netlify/_next/static/media/rive.ac4ff0e0.wasm was preloaded using link preload but not used within a few seconds from the window's load event. Please make sure it has an appropriate `as` value and it is preloaded intentionally. @ https://www.figma.com/:0
[  521070ms] [WARNING] The resource https://www.figma.com/_netlify/_next/static/media/rive.ac4ff0e0.wasm was preloaded using link preload but not used within a few seconds from the window's load event. Please make sure it has an appropriate `as` value and it is preloaded intentionally. @ https://www.figma.com/:0
[  529076ms] [WARNING] The resource https://www.figma.com/_netlify/_next/static/media/rive.ac4ff0e0.wasm was preloaded using link preload but not used within a few seconds from the window's load event. Please make sure it has an appropriate `as` value and it is preloaded intentionally. @ https://www.figma.com/:0
[  537060ms] [WARNING] The resource https://www.figma.com/_netlify/_next/static/media/rive.ac4ff0e0.wasm was preloaded using link preload but not used within a few seconds from the window's load event. Please make sure it has an appropriate `as` value and it is preloaded intentionally. @ https://www.figma.com/:0
[  545057ms] [WARNING] The resource https://www.figma.com/_netlify/_next/static/media/rive.ac4ff0e0.wasm was preloaded using link preload but not used within a few seconds from the window's load event. Please make sure it has an appropriate `as` value and it is preloaded intentionally. @ https://www.figma.com/:0
[  553085ms] [WARNING] The resource https://www.figma.com/_netlify/_next/static/media/rive.ac4ff0e0.wasm was preloaded using link preload but not used within a few seconds from the window's load event. Please make sure it has an appropriate `as` value and it is preloaded intentionally. @ https://www.figma.com/:0
[  561091ms] [WARNING] The resource https://www.figma.com/_netlify/_next/static/media/rive.ac4ff0e0.wasm was preloaded using link preload but not used within a few seconds from the window's load event. Please make sure it has an appropriate `as` value and it is preloaded intentionally. @ https://www.figma.com/:0
[  569083ms] [WARNING] The resource https://www.figma.com/_netlify/_next/static/media/rive.ac4ff0e0.wasm was preloaded using link preload but not used within a few seconds from the window's load event. Please make sure it has an appropriate `as` value and it is preloaded intentionally. @ https://www.figma.com/:0
[  577078ms] [WARNING] The resource https://www.figma.com/_netlify/_next/static/media/rive.ac4ff0e0.wasm was preloaded using link preload but not used within a few seconds from the window's load event. Please make sure it has an appropriate `as` value and it is preloaded intentionally. @ https://www.figma.com/:0
[  585070ms] [WARNING] The resource https://www.figma.com/_netlify/_next/static/media/rive.ac4ff0e0.wasm was preloaded using link preload but not used within a few seconds from the window's load event. Please make sure it has an appropriate `as` value and it is preloaded intentionally. @ https://www.figma.com/:0
[  593075ms] [WARNING] The resource https://www.figma.com/_netlify/_next/static/media/rive.ac4ff0e0.wasm was preloaded using link preload but not used within a few seconds from the window's load event. Please make sure it has an appropriate `as` value and it is preloaded intentionally. @ https://www.figma.com/:0
[  601084ms] [WARNING] The resource https://www.figma.com/_netlify/_next/static/media/rive.ac4ff0e0.wasm was preloaded using link preload but not used within a few seconds from the window's load event. Please make sure it has an appropriate `as` value and it is preloaded intentionally. @ https://www.figma.com/:0
[  609094ms] [WARNING] The resource https://www.figma.com/_netlify/_next/static/media/rive.ac4ff0e0.wasm was preloaded using link preload but not used within a few seconds from the window's load event. Please make sure it has an appropriate `as` value and it is preloaded intentionally. @ https://www.figma.com/:0
[  617070ms] [WARNING] The resource https://www.figma.com/_netlify/_next/static/media/rive.ac4ff0e0.wasm was preloaded using link preload but not used within a few seconds from the window's load event. Please make sure it has an appropriate `as` value and it is preloaded intentionally. @ https://www.figma.com/:0
[  625071ms] [WARNING] The resource https://www.figma.com/_netlify/_next/static/media/rive.ac4ff0e0.wasm was preloaded using link preload but not used within a few seconds from the window's load event. Please make sure it has an appropriate `as` value and it is preloaded intentionally. @ https://www.figma.com/:0
[  633076ms] [WARNING] The resource https://www.figma.com/_netlify/_next/static/media/rive.ac4ff0e0.wasm was preloaded using link preload but not used within a few seconds from the window's load event. Please make sure it has an appropriate `as` value and it is preloaded intentionally. @ https://www.figma.com/:0
[  641083ms] [WARNING] The resource https://www.figma.com/_netlify/_next/static/media/rive.ac4ff0e0.wasm was preloaded using link preload but not used within a few seconds from the window's load event. Please make sure it has an appropriate `as` value and it is preloaded intentionally. @ https://www.figma.com/:0
[  649074ms] [WARNING] The resource https://www.figma.com/_netlify/_next/static/media/rive.ac4ff0e0.wasm was preloaded using link preload but not used within a few seconds from the window's load event. Please make sure it has an appropriate `as` value and it is preloaded intentionally. @ https://www.figma.com/:0
[  657078ms] [WARNING] The resource https://www.figma.com/_netlify/_next/static/media/rive.ac4ff0e0.wasm was preloaded using link preload but not used within a few seconds from the window's load event. Please make sure it has an appropriate `as` value and it is preloaded intentionally. @ https://www.figma.com/:0
[  665078ms] [WARNING] The resource https://www.figma.com/_netlify/_next/static/media/rive.ac4ff0e0.wasm was preloaded using link preload but not used within a few seconds from the window's load event. Please make sure it has an appropriate `as` value and it is preloaded intentionally. @ https://www.figma.com/:0
[  673086ms] [WARNING] The resource https://www.figma.com/_netlify/_next/static/media/rive.ac4ff0e0.wasm was preloaded using link preload but not used within a few seconds from the window's load event. Please make sure it has an appropriate `as` value and it is preloaded intentionally. @ https://www.figma.com/:0
[  681102ms] [WARNING] The resource https://www.figma.com/_netlify/_next/static/media/rive.ac4ff0e0.wasm was preloaded using link preload but not used within a few seconds from the window's load event. Please make sure it has an appropriate `as` value and it is preloaded intentionally. @ https://www.figma.com/:0
[  689088ms] [WARNING] The resource https://www.figma.com/_netlify/_next/static/media/rive.ac4ff0e0.wasm was preloaded using link preload but not used within a few seconds from the window's load event. Please make sure it has an appropriate `as` value and it is preloaded intentionally. @ https://www.figma.com/:0
[  697083ms] [WARNING] The resource https://www.figma.com/_netlify/_next/static/media/rive.ac4ff0e0.wasm was preloaded using link preload but not used within a few seconds from the window's load event. Please make sure it has an appropriate `as` value and it is preloaded intentionally. @ https://www.figma.com/:0
[  705076ms] [WARNING] The resource https://www.figma.com/_netlify/_next/static/media/rive.ac4ff0e0.wasm was preloaded using link preload but not used within a few seconds from the window's load event. Please make sure it has an appropriate `as` value and it is preloaded intentionally. @ https://www.figma.com/:0
[  713079ms] [WARNING] The resource https://www.figma.com/_netlify/_next/static/media/rive.ac4ff0e0.wasm was preloaded using link preload but not used within a few seconds from the window's load event. Please make sure it has an appropriate `as` value and it is preloaded intentionally. @ https://www.figma.com/:0
[  721074ms] [WARNING] The resource https://www.figma.com/_netlify/_next/static/media/rive.ac4ff0e0.wasm was preloaded using link preload but not used within a few seconds from the window's load event. Please make sure it has an appropriate `as` value and it is preloaded intentionally. @ https://www.figma.com/:0
[  729081ms] [WARNING] The resource https://www.figma.com/_netlify/_next/static/media/rive.ac4ff0e0.wasm was preloaded using link preload but not used within a few seconds from the window's load event. Please make sure it has an appropriate `as` value and it is preloaded intentionally. @ https://www.figma.com/:0
[  737069ms] [WARNING] The resource https://www.figma.com/_netlify/_next/static/media/rive.ac4ff0e0.wasm was preloaded using link preload but not used within a few seconds from the window's load event. Please make sure it has an appropriate `as` value and it is preloaded intentionally. @ https://www.figma.com/:0
[  745079ms] [WARNING] The resource https://www.figma.com/_netlify/_next/static/media/rive.ac4ff0e0.wasm was preloaded using link preload but not used within a few seconds from the window's load event. Please make sure it has an appropriate `as` value and it is preloaded intentionally. @ https://www.figma.com/:0
[  753086ms] [WARNING] The resource https://www.figma.com/_netlify/_next/static/media/rive.ac4ff0e0.wasm was preloaded using link preload but not used within a few seconds from the window's load event. Please make sure it has an appropriate `as` value and it is preloaded intentionally. @ https://www.figma.com/:0
[  761083ms] [WARNING] The resource https://www.figma.com/_netlify/_next/static/media/rive.ac4ff0e0.wasm was preloaded using link preload but not used within a few seconds from the window's load event. Please make sure it has an appropriate `as` value and it is preloaded intentionally. @ https://www.figma.com/:0
[  769070ms] [WARNING] The resource https://www.figma.com/_netlify/_next/static/media/rive.ac4ff0e0.wasm was preloaded using link preload but not used within a few seconds from the window's load event. Please make sure it has an appropriate `as` value and it is preloaded intentionally. @ https://www.figma.com/:0
[  777079ms] [WARNING] The resource https://www.figma.com/_netlify/_next/static/media/rive.ac4ff0e0.wasm was preloaded using link preload but not used within a few seconds from the window's load event. Please make sure it has an appropriate `as` value and it is preloaded intentionally. @ https://www.figma.com/:0
[  785093ms] [WARNING] The resource https://www.figma.com/_netlify/_next/static/media/rive.ac4ff0e0.wasm was preloaded using link preload but not used within a few seconds from the window's load event. Please make sure it has an appropriate `as` value and it is preloaded intentionally. @ https://www.figma.com/:0
[  793072ms] [WARNING] The resource https://www.figma.com/_netlify/_next/static/media/rive.ac4ff0e0.wasm was preloaded using link preload but not used within a few seconds from the window's load event. Please make sure it has an appropriate `as` value and it is preloaded intentionally. @ https://www.figma.com/:0
[  801078ms] [WARNING] The resource https://www.figma.com/_netlify/_next/static/media/rive.ac4ff0e0.wasm was preloaded using link preload but not used within a few seconds from the window's load event. Please make sure it has an appropriate `as` value and it is preloaded intentionally. @ https://www.figma.com/:0
[  809080ms] [WARNING] The resource https://www.figma.com/_netlify/_next/static/media/rive.ac4ff0e0.wasm was preloaded using link preload but not used within a few seconds from the window's load event. Please make sure it has an appropriate `as` value and it is preloaded intentionally. @ https://www.figma.com/:0
[  817069ms] [WARNING] The resource https://www.figma.com/_netlify/_next/static/media/rive.ac4ff0e0.wasm was preloaded using link preload but not used within a few seconds from the window's load event. Please make sure it has an appropriate `as` value and it is preloaded intentionally. @ https://www.figma.com/:0
[  825091ms] [WARNING] The resource https://www.figma.com/_netlify/_next/static/media/rive.ac4ff0e0.wasm was preloaded using link preload but not used within a few seconds from the window's load event. Please make sure it has an appropriate `as` value and it is preloaded intentionally. @ https://www.figma.com/:0
[  833091ms] [WARNING] The resource https://www.figma.com/_netlify/_next/static/media/rive.ac4ff0e0.wasm was preloaded using link preload but not used within a few seconds from the window's load event. Please make sure it has an appropriate `as` value and it is preloaded intentionally. @ https://www.figma.com/:0
[  841084ms] [WARNING] The resource https://www.figma.com/_netlify/_next/static/media/rive.ac4ff0e0.wasm was preloaded using link preload but not used within a few seconds from the window's load event. Please make sure it has an appropriate `as` value and it is preloaded intentionally. @ https://www.figma.com/:0
[  849081ms] [WARNING] The resource https://www.figma.com/_netlify/_next/static/media/rive.ac4ff0e0.wasm was preloaded using link preload but not used within a few seconds from the window's load event. Please make sure it has an appropriate `as` value and it is preloaded intentionally. @ https://www.figma.com/:0
[  857080ms] [WARNING] The resource https://www.figma.com/_netlify/_next/static/media/rive.ac4ff0e0.wasm was preloaded using link preload but not used within a few seconds from the window's load event. Please make sure it has an appropriate `as` value and it is preloaded intentionally. @ https://www.figma.com/:0
[  865102ms] [WARNING] The resource https://www.figma.com/_netlify/_next/static/media/rive.ac4ff0e0.wasm was preloaded using link preload but not used within a few seconds from the window's load event. Please make sure it has an appropriate `as` value and it is preloaded intentionally. @ https://www.figma.com/:0
[  873088ms] [WARNING] The resource https://www.figma.com/_netlify/_next/static/media/rive.ac4ff0e0.wasm was preloaded using link preload but not used within a few seconds from the window's load event. Please make sure it has an appropriate `as` value and it is preloaded intentionally. @ https://www.figma.com/:0
[  881090ms] [WARNING] The resource https://www.figma.com/_netlify/_next/static/media/rive.ac4ff0e0.wasm was preloaded using link preload but not used within a few seconds from the window's load event. Please make sure it has an appropriate `as` value and it is preloaded intentionally. @ https://www.figma.com/:0
[  889077ms] [WARNING] The resource https://www.figma.com/_netlify/_next/static/media/rive.ac4ff0e0.wasm was preloaded using link preload but not used within a few seconds from the window's load event. Please make sure it has an appropriate `as` value and it is preloaded intentionally. @ https://www.figma.com/:0
[  897072ms] [WARNING] The resource https://www.figma.com/_netlify/_next/static/media/rive.ac4ff0e0.wasm was preloaded using link preload but not used within a few seconds from the window's load event. Please make sure it has an appropriate `as` value and it is preloaded intentionally. @ https://www.figma.com/:0
[  905080ms] [WARNING] The resource https://www.figma.com/_netlify/_next/static/media/rive.ac4ff0e0.wasm was preloaded using link preload but not used within a few seconds from the window's load event. Please make sure it has an appropriate `as` value and it is preloaded intentionally. @ https://www.figma.com/:0
[  913088ms] [WARNING] The resource https://www.figma.com/_netlify/_next/static/media/rive.ac4ff0e0.wasm was preloaded using link preload but not used within a few seconds from the window's load event. Please make sure it has an appropriate `as` value and it is preloaded intentionally. @ https://www.figma.com/:0
[  921080ms] [WARNING] The resource https://www.figma.com/_netlify/_next/static/media/rive.ac4ff0e0.wasm was preloaded using link preload but not used within a few seconds from the window's load event. Please make sure it has an appropriate `as` value and it is preloaded intentionally. @ https://www.figma.com/:0
[  929082ms] [WARNING] The resource https://www.figma.com/_netlify/_next/static/media/rive.ac4ff0e0.wasm was preloaded using link preload but not used within a few seconds from the window's load event. Please make sure it has an appropriate `as` value and it is preloaded intentionally. @ https://www.figma.com/:0
[  937099ms] [WARNING] The resource https://www.figma.com/_netlify/_next/static/media/rive.ac4ff0e0.wasm was preloaded using link preload but not used within a few seconds from the window's load event. Please make sure it has an appropriate `as` value and it is preloaded intentionally. @ https://www.figma.com/:0
[  945089ms] [WARNING] The resource https://www.figma.com/_netlify/_next/static/media/rive.ac4ff0e0.wasm was preloaded using link preload but not used within a few seconds from the window's load event. Please make sure it has an appropriate `as` value and it is preloaded intentionally. @ https://www.figma.com/:0
[  953103ms] [WARNING] The resource https://www.figma.com/_netlify/_next/static/media/rive.ac4ff0e0.wasm was preloaded using link preload but not used within a few seconds from the window's load event. Please make sure it has an appropriate `as` value and it is preloaded intentionally. @ https://www.figma.com/:0
[  961081ms] [WARNING] The resource https://www.figma.com/_netlify/_next/static/media/rive.ac4ff0e0.wasm was preloaded using link preload but not used within a few seconds from the window's load event. Please make sure it has an appropriate `as` value and it is preloaded intentionally. @ https://www.figma.com/:0
[  969072ms] [WARNING] The resource https://www.figma.com/_netlify/_next/static/media/rive.ac4ff0e0.wasm was preloaded using link preload but not used within a few seconds from the window's load event. Please make sure it has an appropriate `as` value and it is preloaded intentionally. @ https://www.figma.com/:0
[  977086ms] [WARNING] The resource https://www.figma.com/_netlify/_next/static/media/rive.ac4ff0e0.wasm was preloaded using link preload but not used within a few seconds from the window's load event. Please make sure it has an appropriate `as` value and it is preloaded intentionally. @ https://www.figma.com/:0
[  985076ms] [WARNING] The resource https://www.figma.com/_netlify/_next/static/media/rive.ac4ff0e0.wasm was preloaded using link preload but not used within a few seconds from the window's load event. Please make sure it has an appropriate `as` value and it is preloaded intentionally. @ https://www.figma.com/:0
[  993082ms] [WARNING] The resource https://www.figma.com/_netlify/_next/static/media/rive.ac4ff0e0.wasm was preloaded using link preload but not used within a few seconds from the window's load event. Please make sure it has an appropriate `as` value and it is preloaded intentionally. @ https://www.figma.com/:0
[ 1001088ms] [WARNING] The resource https://www.figma.com/_netlify/_next/static/media/rive.ac4ff0e0.wasm was preloaded using link preload but not used within a few seconds from the window's load event. Please make sure it has an appropriate `as` value and it is preloaded intentionally. @ https://www.figma.com/:0
[ 1009154ms] [WARNING] The resource https://www.figma.com/_netlify/_next/static/media/rive.ac4ff0e0.wasm was preloaded using link preload but not used within a few seconds from the window's load event. Please make sure it has an appropriate `as` value and it is preloaded intentionally. @ https://www.figma.com/:0
[ 1017080ms] [WARNING] The resource https://www.figma.com/_netlify/_next/static/media/rive.ac4ff0e0.wasm was preloaded using link preload but not used within a few seconds from the window's load event. Please make sure it has an appropriate `as` value and it is preloaded intentionally. @ https://www.figma.com/:0
[ 1025102ms] [WARNING] The resource https://www.figma.com/_netlify/_next/static/media/rive.ac4ff0e0.wasm was preloaded using link preload but not used within a few seconds from the window's load event. Please make sure it has an appropriate `as` value and it is preloaded intentionally. @ https://www.figma.com/:0
[ 1033100ms] [WARNING] The resource https://www.figma.com/_netlify/_next/static/media/rive.ac4ff0e0.wasm was preloaded using link preload but not used within a few seconds from the window's load event. Please make sure it has an appropriate `as` value and it is preloaded intentionally. @ https://www.figma.com/:0
[ 1041081ms] [WARNING] The resource https://www.figma.com/_netlify/_next/static/media/rive.ac4ff0e0.wasm was preloaded using link preload but not used within a few seconds from the window's load event. Please make sure it has an appropriate `as` value and it is preloaded intentionally. @ https://www.figma.com/:0
[ 1049081ms] [WARNING] The resource https://www.figma.com/_netlify/_next/static/media/rive.ac4ff0e0.wasm was preloaded using link preload but not used within a few seconds from the window's load event. Please make sure it has an appropriate `as` value and it is preloaded intentionally. @ https://www.figma.com/:0
[ 1057082ms] [WARNING] The resource https://www.figma.com/_netlify/_next/static/media/rive.ac4ff0e0.wasm was preloaded using link preload but not used within a few seconds from the window's load event. Please make sure it has an appropriate `as` value and it is preloaded intentionally. @ https://www.figma.com/:0
[ 1065080ms] [WARNING] The resource https://www.figma.com/_netlify/_next/static/media/rive.ac4ff0e0.wasm was preloaded using link preload but not used within a few seconds from the window's load event. Please make sure it has an appropriate `as` value and it is preloaded intentionally. @ https://www.figma.com/:0
[ 1073100ms] [WARNING] The resource https://www.figma.com/_netlify/_next/static/media/rive.ac4ff0e0.wasm was preloaded using link preload but not used within a few seconds from the window's load event. Please make sure it has an appropriate `as` value and it is preloaded intentionally. @ https://www.figma.com/:0
[ 1081082ms] [WARNING] The resource https://www.figma.com/_netlify/_next/static/media/rive.ac4ff0e0.wasm was preloaded using link preload but not used within a few seconds from the window's load event. Please make sure it has an appropriate `as` value and it is preloaded intentionally. @ https://www.figma.com/:0
[ 1089071ms] [WARNING] The resource https://www.figma.com/_netlify/_next/static/media/rive.ac4ff0e0.wasm was preloaded using link preload but not used within a few seconds from the window's load event. Please make sure it has an appropriate `as` value and it is preloaded intentionally. @ https://www.figma.com/:0
[ 1097862ms] [WARNING] The resource https://www.figma.com/api/user/state?fuid=1615016297017364994 was preloaded using link preload but not used within a few seconds from the window's load event. Please make sure it has an appropriate `as` value and it is preloaded intentionally. @ https://www.figma.com/login_iframe?locale=en-us&type=insert&autofocus=false&form_state=sign_in:0
[ 1097862ms] [WARNING] The resource https://www.figma.com/api/session/state?fuid=1615016297017364994 was preloaded using link preload but not used within a few seconds from the window's load event. Please make sure it has an appropriate `as` value and it is preloaded intentionally. @ https://www.figma.com/login_iframe?locale=en-us&type=insert&autofocus=false&form_state=sign_in:0
[ 1097862ms] [WARNING] The resource https://www.figma.com/_netlify/_next/static/media/rive.ac4ff0e0.wasm was preloaded using link preload but not used within a few seconds from the window's load event. Please make sure it has an appropriate `as` value and it is preloaded intentionally. @ https://www.figma.com/:0
